2026-04-23 03:54:55.199: [INFO] OnDoneLoading sync enabled: 0
2026-04-23 03:55:50.232: [INFO] OnDoneLoading sync enabled: 0
2026-04-23 05:37:50.457: [INFO] OnDoneLoading sync enabled: 0
2026-04-23 10:10:30.263: [INFO] OnDoneLoading sync enabled: 0
2026-05-09 03:52:39.256: [INFO] OnDoneLoading sync enabled: 0
2026-05-12 04:03:07.234: [INFO] OnDoneLoading sync enabled: 0
2026-05-13 03:49:45.355: [INFO] OnDoneLoading sync enabled: 0
2026-05-18 03:51:58.003: [INFO] OnDoneLoading sync enabled: 0
2026-05-19 08:57:18.816: [INFO] OnDoneLoading sync enabled: 0
2026-05-22 05:33:15.011: [INFO] OnDoneLoading sync enabled: 0
2026-05-25 03:59:51.457: [INFO] OnDoneLoading sync enabled: 0
2026-05-26 03:41:53.349: [INFO] OnDoneLoading sync enabled: 0
2026-05-26 09:58:24.155: [INFO] OnDoneLoading sync enabled: 0
2026-05-28 03:44:37.925: [INFO] OnDoneLoading sync enabled: 0
2026-05-30 03:50:07.966: [INFO] OnDoneLoading sync enabled: 0
2026-06-02 03:39:10.443: [INFO] OnDoneLoading sync enabled: 0
2026-06-04 03:43:30.935: [INFO] OnDoneLoading sync enabled: 0
2026-06-08 06:51:57.270: [INFO] OnDoneLoading sync enabled: 0
2026-06-08 07:08:18.327: [INFO] OnDoneLoading sync enabled: 0
2026-06-08 07:12:39.007: [INFO] OnDoneLoading sync enabled: 0
2026-06-08 07:17:26.122: [INFO] OnDoneLoading sync enabled: 0
2026-06-09 06:36:00.553: [INFO] OnDoneLoading sync enabled: 0
2026-06-10 05:00:52.383: [INFO] OnDoneLoading sync enabled: 0
2026-06-11 07:06:54.795: [INFO] OnDoneLoading sync enabled: 0
2026-06-11 07:09:22.649: [INFO] OnDoneLoading sync enabled: 0
2026-06-11 07:11:06.540: [INFO] OnDoneLoading sync enabled: 0
2026-06-11 07:15:20.740: [INFO] OnDoneLoading sync enabled: 0
2026-06-12 07:10:28.563: [INFO] OnDoneLoading sync enabled: 0
2026-06-12 07:10:34.689: [INFO] OnDoneLoading sync enabled: 0
2026-06-12 07:10:38.058: [INFO] OnDoneLoading sync enabled: 0
2026-06-12 07:11:15.339: [INFO] OnDoneLoading sync enabled: 0
2026-06-12 07:11:18.988: [INFO] OnDoneLoading sync enabled: 0
2026-06-12 07:11:55.064: [INFO] OnDoneLoading sync enabled: 0
2026-06-12 07:14:33.738: [INFO] OnDoneLoading sync enabled: 0
2026-06-12 07:27:29.050: [INFO] OnDoneLoading sync enabled: 0
2026-06-12 07:27:39.230: [INFO] OnDoneLoading sync enabled: 0
2026-06-12 07:27:48.355: [INFO] OnDoneLoading sync enabled: 0
2026-06-12 07:27:50.198: [INFO] OnDoneLoading sync enabled: 0
2026-06-12 07:27:51.770: [INFO] OnDoneLoading sync enabled: 0
2026-06-12 07:28:12.914: [INFO] OnDoneLoading sync enabled: 0
2026-06-12 07:31:19.464: [INFO] OnDoneLoading sync enabled: 0
2026-06-15 04:52:54.832: [INFO] OnDoneLoading sync enabled: 0
2026-06-16 11:02:00.482: [INFO] OnDoneLoading sync enabled: 0
2026-06-16 11:06:41.620: [INFO] OnDoneLoading sync enabled: 0
2026-06-16 11:12:12.830: [INFO] OnDoneLoading sync enabled: 0
2026-06-16 11:13:07.982: [INFO] OnDoneLoading sync enabled: 0
2026-06-16 11:15:26.118: [INFO] OnDoneLoading sync enabled: 0
2026-06-16 11:18:02.218: [INFO] OnDoneLoading sync enabled: 0
2026-06-17 10:02:54.396: [INFO] OnDoneLoading sync enabled: 0
2026-06-17 10:03:43.076: [INFO] OnDoneLoading sync enabled: 0
2026-06-18 09:59:17.559: [INFO] OnDoneLoading sync enabled: 0
2026-06-18 10:32:30.770: [INFO] OnDoneLoading sync enabled: 0
2026-06-18 10:35:20.705: [INFO] OnDoneLoading sync enabled: 0
2026-06-18 10:35:46.926: [INFO] OnDoneLoading sync enabled: 0
2026-06-18 10:44:54.540: [INFO] OnDoneLoading sync enabled: 0
2026-06-18 10:51:50.523: [INFO] OnDoneLoading sync enabled: 0
2026-06-18 11:01:49.451: [INFO] OnDoneLoading sync enabled: 0
2026-06-18 11:10:33.386: [INFO] OnDoneLoading sync enabled: 0
2026-06-19 10:00:59.696: [INFO] OnDoneLoading sync enabled: 0
2026-06-19 10:04:41.862: [INFO] OnDoneLoading sync enabled: 0
2026-06-19 11:17:18.812: [INFO] OnDoneLoading sync enabled: 0
2026-06-20 09:16:32.204: [INFO] OnDoneLoading sync enabled: 0
2026-06-22 10:09:28.866: [INFO] OnDoneLoading sync enabled: 0
2026-06-22 10:12:37.369: [INFO] OnDoneLoading sync enabled: 0
2026-06-22 10:43:39.800: [INFO] OnDoneLoading sync enabled: 0
2026-06-22 10:46:19.128: [INFO] OnDoneLoading sync enabled: 0
2026-06-22 10:51:59.418: [INFO] OnDoneLoading sync enabled: 0
2026-06-26 05:55:15.173: [INFO] OnDoneLoading sync enabled: 0
2026-06-26 10:06:04.994: [INFO] OnDoneLoading sync enabled: 0
2026-06-26 10:06:59.340: [INFO] OnDoneLoading sync enabled: 0
2026-06-27 05:30:12.012: [INFO] OnDoneLoading sync enabled: 0
2026-06-27 05:31:48.409: [INFO] OnDoneLoading sync enabled: 0
2026-06-27 05:32:07.229: [INFO] OnDoneLoading sync enabled: 0
2026-06-27 05:32:26.882: [INFO] OnDoneLoading sync enabled: 0
2026-06-27 05:38:00.868: [INFO] OnDoneLoading sync enabled: 0
2026-06-27 05:38:35.142: [INFO] OnDoneLoading sync enabled: 0
2026-06-27 05:39:42.943: [INFO] OnDoneLoading sync enabled: 0
2026-06-27 05:41:25.757: [INFO] OnDoneLoading sync enabled: 0
2026-06-27 05:42:31.056: [INFO] OnDoneLoading sync enabled: 0
2026-06-27 05:53:25.551: [INFO] OnDoneLoading sync enabled: 0
2026-06-27 05:55:42.572: [INFO] OnDoneLoading sync enabled: 0
2026-06-27 05:58:39.745: [INFO] OnDoneLoading sync enabled: 0
2026-06-30 04:23:09.850: [INFO] OnDoneLoading sync enabled: 0
2026-06-30 08:34:41.219: [INFO] OnDoneLoading sync enabled: 0
2026-06-30 08:57:21.091: [INFO] OnDoneLoading sync enabled: 0
2026-07-01 04:30:51.055: [INFO] OnDoneLoading sync enabled: 0
2026-07-01 04:33:35.832: [INFO] OnDoneLoading sync enabled: 0
2026-07-02 04:19:01.819: [INFO] OnDoneLoading sync enabled: 0
2026-07-02 04:22:45.974: [INFO] OnDoneLoading sync enabled: 0
2026-07-02 04:24:56.555: [INFO] OnDoneLoading sync enabled: 0
2026-07-02 08:18:12.564: [INFO] OnDoneLoading sync enabled: 0
2026-07-03 03:58:22.747: [INFO] OnDoneLoading sync enabled: 0
2026-07-03 04:08:30.308: [INFO] OnDoneLoading sync enabled: 0
2026-07-03 08:06:37.870: [INFO] OnDoneLoading sync enabled: 0
2026-07-03 08:12:07.378: [INFO] OnDoneLoading sync enabled: 0
2026-07-06 08:14:58.991: [INFO] OnDoneLoading sync enabled: 0
2026-07-06 08:43:36.901: [INFO] OnDoneLoading sync enabled: 0
2026-07-06 08:52:08.064: [INFO] OnDoneLoading sync enabled: 0
2026-07-06 08:57:30.282: [INFO] OnDoneLoading sync enabled: 0
2026-07-06 09:17:12.031: [INFO] OnDoneLoading sync enabled: 0
2026-07-06 16:12:51.065: [INFO] OnDoneLoading sync enabled: 0
2026-07-07 03:34:04.293: [INFO] OnDoneLoading sync enabled: 0
2026-07-07 03:36:26.698: [INFO] OnDoneLoading sync enabled: 0
2026-07-07 03:37:50.442: [INFO] OnDoneLoading sync enabled: 0
2026-07-07 08:13:10.926: [INFO] OnDoneLoading sync enabled: 0
2026-07-07 09:11:13.806: [INFO] OnDoneLoading sync enabled: 0
2026-07-07 09:12:40.267: [INFO] OnDoneLoading sync enabled: 0
2026-07-07 10:58:28.124: [INFO] OnDoneLoading sync enabled: 0
2026-07-07 13:06:51.905: [INFO] OnDoneLoading sync enabled: 0
2026-07-07 13:29:54.477: [INFO] OnDoneLoading sync enabled: 0
2026-07-07 13:57:52.323: [INFO] OnDoneLoading sync enabled: 0
2026-07-07 15:40:11.806: [INFO] OnDoneLoading sync enabled: 0
2026-07-07 15:45:22.505: [INFO] OnDoneLoading sync enabled: 0
2026-07-07 16:19:41.038: [INFO] OnDoneLoading sync enabled: 0
2026-07-08 03:15:05.567: [INFO] OnDoneLoading sync enabled: 0
2026-07-08 03:18:31.609: [INFO] OnDoneLoading sync enabled: 0
2026-07-08 04:05:22.587: [INFO] OnDoneLoading sync enabled: 0
2026-07-08 04:15:01.521: [INFO] OnDoneLoading sync enabled: 0
2026-07-09 03:08:43.219: [INFO] OnDoneLoading sync enabled: 0
2026-07-09 03:54:44.686: [INFO] OnDoneLoading sync enabled: 0
2026-07-09 04:04:58.630: [INFO] OnDoneLoading sync enabled: 0
2026-07-09 04:20:43.130: [INFO] OnDoneLoading sync enabled: 0
2026-07-11 06:58:40.607: [INFO] OnDoneLoading sync enabled: 0
2026-08-17 17:20:50.853: [INFO] CurrentProfilePath: C:\Users\Asus\eclipse-workspace\.metadata\.plugins\org.eclipse.swt\EBWebView\Default
2026-08-17 17:20:50.853: [INFO] Profiles total count: 1
2026-08-17 17:20:50.853: [INFO] Profile: name=Profile 1 path=C:\Users\Asus\eclipse-workspace\.metadata\.plugins\org.eclipse.swt\EBWebView\Default lastActive=2026-08-17T16:45:40.303Z
2026-08-17 17:20:50.853: [INFO] LastUsedProfileDir: C:\Users\Asus\eclipse-workspace\.metadata\.plugins\org.eclipse.swt\EBWebView\Default
2026-08-17 17:20:50.854: [INFO] MostRecentlyActiveProfile: name=Profile 1 path=C:\Users\Asus\eclipse-workspace\.metadata\.plugins\org.eclipse.swt\EBWebView\Default lastActive=2026-08-17T16:45:40.303Z
2026-08-17 17:20:50.854: [INFO] OnDoneLoading sync enabled: 0
2026-08-17 17:20:50.854: [INFO] BookmarkModelLoaded, ids_reassigned: 0
2026-08-17 17:20:50.854: [INFO] BookmarksLoadDropped droppedNodes=0
2026-08-17 17:20:50.854: [INFO] BookmarksSnapshot Startup total=0 bar=0 other=0 mobile=0 showBar=0 showBarNTP=1
2026-08-17 17:20:51.021: [INFO] BookmarksSnapshot Shutdown total=0 bar=0 other=0 mobile=0 showBar=0 showBarNTP=1
2026-08-17 17:27:46.834: [INFO] CurrentProfilePath: C:\Users\Asus\eclipse-workspace\.metadata\.plugins\org.eclipse.swt\EBWebView\Default
2026-08-17 17:27:46.834: [INFO] Profiles total count: 1
2026-08-17 17:27:46.834: [INFO] Profile: name=Profile 1 path=C:\Users\Asus\eclipse-workspace\.metadata\.plugins\org.eclipse.swt\EBWebView\Default lastActive=2026-08-17T16:45:40.303Z
2026-08-17 17:27:46.834: [INFO] LastUsedProfileDir: C:\Users\Asus\eclipse-workspace\.metadata\.plugins\org.eclipse.swt\EBWebView\Default
2026-08-17 17:27:46.834: [INFO] MostRecentlyActiveProfile: name=Profile 1 path=C:\Users\Asus\eclipse-workspace\.metadata\.plugins\org.eclipse.swt\EBWebView\Default lastActive=2026-08-17T16:45:40.303Z
2026-08-17 17:27:46.834: [INFO] OnDoneLoading sync enabled: 0
2026-08-17 17:27:46.835: [INFO] BookmarkModelLoaded, ids_reassigned: 0
2026-08-17 17:27:46.835: [INFO] BookmarksLoadDropped droppedNodes=0
2026-08-17 17:27:46.835: [INFO] BookmarksSnapshot Startup total=0 bar=0 other=0 mobile=0 showBar=0 showBarNTP=1
2026-08-17 17:27:56.694: [INFO] BookmarksSnapshot Shutdown total=0 bar=0 other=0 mobile=0 showBar=0 showBarNTP=1
2026-08-17 17:50:56.881: [INFO] CurrentProfilePath: C:\Users\Asus\eclipse-workspace\.metadata\.plugins\org.eclipse.swt\EBWebView\Default
2026-08-17 17:50:56.881: [INFO] Profiles total count: 1
2026-08-17 17:50:56.882: [INFO] Profile: name=Profile 1 path=C:\Users\Asus\eclipse-workspace\.metadata\.plugins\org.eclipse.swt\EBWebView\Default lastActive=2026-08-17T16:45:40.303Z
2026-08-17 17:50:56.882: [INFO] LastUsedProfileDir: C:\Users\Asus\eclipse-workspace\.metadata\.plugins\org.eclipse.swt\EBWebView\Default
2026-08-17 17:50:56.882: [INFO] MostRecentlyActiveProfile: name=Profile 1 path=C:\Users\Asus\eclipse-workspace\.metadata\.plugins\org.eclipse.swt\EBWebView\Default lastActive=2026-08-17T16:45:40.303Z
2026-08-17 17:50:56.882: [INFO] OnDoneLoading sync enabled: 0
2026-08-17 17:50:56.882: [INFO] BookmarkModelLoaded, ids_reassigned: 0
2026-08-17 17:50:56.882: [INFO] BookmarksLoadDropped droppedNodes=0
2026-08-17 17:50:56.882: [INFO] BookmarksSnapshot Startup total=0 bar=0 other=0 mobile=0 showBar=0 showBarNTP=1
2026-08-17 17:51:00.399: [INFO] BookmarksSnapshot Shutdown total=0 bar=0 other=0 mobile=0 showBar=0 showBarNTP=1
2026-08-17 17:59:25.685: [INFO] CurrentProfilePath: C:\Users\Asus\eclipse-workspace\.metadata\.plugins\org.eclipse.swt\EBWebView\Default
2026-08-17 17:59:25.685: [INFO] Profiles total count: 1
2026-08-17 17:59:25.685: [INFO] Profile: name=Profile 1 path=C:\Users\Asus\eclipse-workspace\.metadata\.plugins\org.eclipse.swt\EBWebView\Default lastActive=2026-08-17T16:45:40.303Z
2026-08-17 17:59:25.685: [INFO] LastUsedProfileDir: C:\Users\Asus\eclipse-workspace\.metadata\.plugins\org.eclipse.swt\EBWebView\Default
2026-08-17 17:59:25.685: [INFO] MostRecentlyActiveProfile: name=Profile 1 path=C:\Users\Asus\eclipse-workspace\.metadata\.plugins\org.eclipse.swt\EBWebView\Default lastActive=2026-08-17T16:45:40.303Z
2026-08-17 17:59:25.685: [INFO] OnDoneLoading sync enabled: 0
2026-08-17 17:59:25.685: [INFO] BookmarkModelLoaded, ids_reassigned: 0
2026-08-17 17:59:25.685: [INFO] BookmarksLoadDropped droppedNodes=0
2026-08-17 17:59:25.685: [INFO] BookmarksSnapshot Startup total=0 bar=0 other=0 mobile=0 showBar=0 showBarNTP=1
2026-08-17 18:04:23.208: [INFO] BookmarksSnapshot Shutdown total=0 bar=0 other=0 mobile=0 showBar=0 showBarNTP=1
2026-08-17 18:14:45.023: [INFO] CurrentProfilePath: C:\Users\Asus\eclipse-workspace\.metadata\.plugins\org.eclipse.swt\EBWebView\Default
2026-08-17 18:14:45.023: [INFO] Profiles total count: 1
2026-08-17 18:14:45.024: [INFO] Profile: name=Profile 1 path=C:\Users\Asus\eclipse-workspace\.metadata\.plugins\org.eclipse.swt\EBWebView\Default lastActive=2026-08-17T16:45:40.303Z
2026-08-17 18:14:45.024: [INFO] LastUsedProfileDir: C:\Users\Asus\eclipse-workspace\.metadata\.plugins\org.eclipse.swt\EBWebView\Default
2026-08-17 18:14:45.024: [INFO] MostRecentlyActiveProfile: name=Profile 1 path=C:\Users\Asus\eclipse-workspace\.metadata\.plugins\org.eclipse.swt\EBWebView\Default lastActive=2026-08-17T16:45:40.303Z
2026-08-17 18:14:45.024: [INFO] OnDoneLoading sync enabled: 0
2026-08-17 18:14:45.024: [INFO] BookmarkModelLoaded, ids_reassigned: 0
2026-08-17 18:14:45.024: [INFO] BookmarksLoadDropped droppedNodes=0
2026-08-17 18:14:45.024: [INFO] BookmarksSnapshot Startup total=0 bar=0 other=0 mobile=0 showBar=0 showBarNTP=1
2026-08-17 19:14:36.007: [INFO] BookmarksSnapshot Shutdown total=0 bar=0 other=0 mobile=0 showBar=0 showBarNTP=1
2026-08-19 05:20:29.030: [INFO] CurrentProfilePath: C:\Users\Asus\eclipse-workspace\.metadata\.plugins\org.eclipse.swt\EBWebView\Default
2026-08-19 05:20:29.030: [INFO] Profiles total count: 1
2026-08-19 05:20:29.033: [INFO] Profile: name=Profile 1 path=C:\Users\Asus\eclipse-workspace\.metadata\.plugins\org.eclipse.swt\EBWebView\Default lastActive=2026-08-17T16:45:40.303Z
2026-08-19 05:20:29.033: [INFO] LastUsedProfileDir: C:\Users\Asus\eclipse-workspace\.metadata\.plugins\org.eclipse.swt\EBWebView\Default
2026-08-19 05:20:29.033: [INFO] MostRecentlyActiveProfile: name=Profile 1 path=C:\Users\Asus\eclipse-workspace\.metadata\.plugins\org.eclipse.swt\EBWebView\Default lastActive=2026-08-17T16:45:40.303Z
2026-08-19 05:20:29.033: [INFO] OnDoneLoading sync enabled: 0
2026-08-19 05:20:29.033: [INFO] BookmarkModelLoaded, ids_reassigned: 0
2026-08-19 05:20:29.033: [INFO] BookmarksLoadDropped droppedNodes=0
2026-08-19 05:20:29.034: [INFO] BookmarksSnapshot Startup total=0 bar=0 other=0 mobile=0 showBar=0 showBarNTP=1
2026-08-21 03:50:37.818: [INFO] BookmarksSnapshot Shutdown total=0 bar=0 other=0 mobile=0 showBar=0 showBarNTP=1
2026-08-26 16:50:00.596: [INFO] CurrentProfilePath: C:\Users\Asus\eclipse-workspace\.metadata\.plugins\org.eclipse.swt\EBWebView\Default
2026-08-26 16:50:00.596: [INFO] Profiles total count: 1
2026-08-26 16:50:00.596: [INFO] Profile: name=Profile 1 path=C:\Users\Asus\eclipse-workspace\.metadata\.plugins\org.eclipse.swt\EBWebView\Default lastActive=2026-08-25T03:20:58.155Z
2026-08-26 16:50:00.596: [INFO] LastUsedProfileDir: C:\Users\Asus\eclipse-workspace\.metadata\.plugins\org.eclipse.swt\EBWebView\Default
2026-08-26 16:50:00.597: [INFO] MostRecentlyActiveProfile: name=Profile 1 path=C:\Users\Asus\eclipse-workspace\.metadata\.plugins\org.eclipse.swt\EBWebView\Default lastActive=2026-08-25T03:20:58.155Z
2026-08-26 16:50:00.597: [INFO] OnDoneLoading sync enabled: 0
2026-08-26 16:50:00.597: [INFO] BookmarkModelLoaded, ids_reassigned: 0
2026-08-26 16:50:00.597: [INFO] BookmarksLoadDropped droppedNodes=0
2026-08-26 16:50:00.597: [INFO] BookmarksSnapshot Startup total=0 bar=0 other=0 mobile=0 showBar=0 showBarNTP=1
2026-08-26 16:51:48.645: [INFO] BookmarksSnapshot Shutdown total=0 bar=0 other=0 mobile=0 showBar=0 showBarNTP=1
2026-08-26 17:19:32.980: [INFO] CurrentProfilePath: C:\Users\Asus\eclipse-workspace\.metadata\.plugins\org.eclipse.swt\EBWebView\Default
2026-08-26 17:19:32.980: [INFO] Profiles total count: 1
2026-08-26 17:19:32.980: [INFO] Profile: name=Profile 1 path=C:\Users\Asus\eclipse-workspace\.metadata\.plugins\org.eclipse.swt\EBWebView\Default lastActive=2026-08-26T16:51:48.056Z
2026-08-26 17:19:32.980: [INFO] LastUsedProfileDir: C:\Users\Asus\eclipse-workspace\.metadata\.plugins\org.eclipse.swt\EBWebView\Default
2026-08-26 17:19:32.981: [INFO] MostRecentlyActiveProfile: name=Profile 1 path=C:\Users\Asus\eclipse-workspace\.metadata\.plugins\org.eclipse.swt\EBWebView\Default lastActive=2026-08-26T16:51:48.056Z
2026-08-26 17:19:32.981: [INFO] OnDoneLoading sync enabled: 0
2026-08-26 17:19:32.981: [INFO] BookmarkModelLoaded, ids_reassigned: 0
2026-08-26 17:19:32.981: [INFO] BookmarksLoadDropped droppedNodes=0
2026-08-26 17:19:32.981: [INFO] BookmarksSnapshot Startup total=0 bar=0 other=0 mobile=0 showBar=0 showBarNTP=1
2026-08-26 17:19:33.470: [INFO] BookmarksSnapshot Shutdown total=0 bar=0 other=0 mobile=0 showBar=0 showBarNTP=1
2026-08-26 17:19:35.484: [INFO] CurrentProfilePath: C:\Users\Asus\eclipse-workspace\.metadata\.plugins\org.eclipse.swt\EBWebView\Default
2026-08-26 17:19:35.484: [INFO] Profiles total count: 1
2026-08-26 17:19:35.486: [INFO] Profile: name=Profile 1 path=C:\Users\Asus\eclipse-workspace\.metadata\.plugins\org.eclipse.swt\EBWebView\Default lastActive=2026-08-26T16:51:48.056Z
2026-08-26 17:19:35.486: [INFO] LastUsedProfileDir: C:\Users\Asus\eclipse-workspace\.metadata\.plugins\org.eclipse.swt\EBWebView\Default
2026-08-26 17:19:35.486: [INFO] MostRecentlyActiveProfile: name=Profile 1 path=C:\Users\Asus\eclipse-workspace\.metadata\.plugins\org.eclipse.swt\EBWebView\Default lastActive=2026-08-26T16:51:48.056Z
2026-08-26 17:19:35.486: [INFO] OnDoneLoading sync enabled: 0
2026-08-26 17:19:35.486: [INFO] BookmarkModelLoaded, ids_reassigned: 0
2026-08-26 17:19:35.486: [INFO] BookmarksLoadDropped droppedNodes=0
2026-08-26 17:19:35.486: [INFO] BookmarksSnapshot Startup total=0 bar=0 other=0 mobile=0 showBar=0 showBarNTP=1
2026-08-26 17:19:35.935: [INFO] BookmarksSnapshot Shutdown total=0 bar=0 other=0 mobile=0 showBar=0 showBarNTP=1
2026-08-26 17:20:18.726: [INFO] CurrentProfilePath: C:\Users\Asus\eclipse-workspace\.metadata\.plugins\org.eclipse.swt\EBWebView\Default
2026-08-26 17:20:18.726: [INFO] Profiles total count: 1
2026-08-26 17:20:18.727: [INFO] Profile: name=Profile 1 path=C:\Users\Asus\eclipse-workspace\.metadata\.plugins\org.eclipse.swt\EBWebView\Default lastActive=2026-08-26T16:51:48.056Z
2026-08-26 17:20:18.727: [INFO] LastUsedProfileDir: C:\Users\Asus\eclipse-workspace\.metadata\.plugins\org.eclipse.swt\EBWebView\Default
2026-08-26 17:20:18.727: [INFO] MostRecentlyActiveProfile: name=Profile 1 path=C:\Users\Asus\eclipse-workspace\.metadata\.plugins\org.eclipse.swt\EBWebView\Default lastActive=2026-08-26T16:51:48.056Z
2026-08-26 17:20:18.727: [INFO] OnDoneLoading sync enabled: 0
2026-08-26 17:20:18.727: [INFO] BookmarkModelLoaded, ids_reassigned: 0
2026-08-26 17:20:18.727: [INFO] BookmarksLoadDropped droppedNodes=0
2026-08-26 17:20:18.727: [INFO] BookmarksSnapshot Startup total=0 bar=0 other=0 mobile=0 showBar=0 showBarNTP=1
2026-08-26 18:34:22.838: [INFO] BookmarksSnapshot Shutdown total=0 bar=0 other=0 mobile=0 showBar=0 showBarNTP=1
2026-08-27 03:40:22.094: [INFO] CurrentProfilePath: C:\Users\Asus\eclipse-workspace\.metadata\.plugins\org.eclipse.swt\EBWebView\Default
2026-08-27 03:40:22.094: [INFO] Profiles total count: 1
2026-08-27 03:40:22.094: [INFO] Profile: name=Profile 1 path=C:\Users\Asus\eclipse-workspace\.metadata\.plugins\org.eclipse.swt\EBWebView\Default lastActive=2026-08-26T16:51:48.056Z
2026-08-27 03:40:22.094: [INFO] LastUsedProfileDir: C:\Users\Asus\eclipse-workspace\.metadata\.plugins\org.eclipse.swt\EBWebView\Default
2026-08-27 03:40:22.094: [INFO] MostRecentlyActiveProfile: name=Profile 1 path=C:\Users\Asus\eclipse-workspace\.metadata\.plugins\org.eclipse.swt\EBWebView\Default lastActive=2026-08-26T16:51:48.056Z
2026-08-27 03:40:22.094: [INFO] OnDoneLoading sync enabled: 0
2026-08-27 03:40:22.094: [INFO] BookmarkModelLoaded, ids_reassigned: 0
2026-08-27 03:40:22.094: [INFO] BookmarksLoadDropped droppedNodes=0
2026-08-27 03:40:22.094: [INFO] BookmarksSnapshot Startup total=0 bar=0 other=0 mobile=0 showBar=0 showBarNTP=1
2026-08-27 04:56:18.652: [INFO] BookmarksSnapshot Shutdown total=0 bar=0 other=0 mobile=0 showBar=0 showBarNTP=1
2026-08-27 16:49:59.105: [INFO] CurrentProfilePath: C:\Users\Asus\eclipse-workspace\.metadata\.plugins\org.eclipse.swt\EBWebView\Default
2026-08-27 16:49:59.105: [INFO] Profiles total count: 1
2026-08-27 16:49:59.106: [INFO] Profile: name=Profile 1 path=C:\Users\Asus\eclipse-workspace\.metadata\.plugins\org.eclipse.swt\EBWebView\Default lastActive=2026-08-26T16:51:48.056Z
2026-08-27 16:49:59.106: [INFO] LastUsedProfileDir: C:\Users\Asus\eclipse-workspace\.metadata\.plugins\org.eclipse.swt\EBWebView\Default
2026-08-27 16:49:59.106: [INFO] MostRecentlyActiveProfile: name=Profile 1 path=C:\Users\Asus\eclipse-workspace\.metadata\.plugins\org.eclipse.swt\EBWebView\Default lastActive=2026-08-26T16:51:48.056Z
2026-08-27 16:49:59.106: [INFO] OnDoneLoading sync enabled: 0
2026-08-27 16:49:59.106: [INFO] BookmarkModelLoaded, ids_reassigned: 0
2026-08-27 16:49:59.106: [INFO] BookmarksLoadDropped droppedNodes=0
2026-08-27 16:49:59.106: [INFO] BookmarksSnapshot Startup total=0 bar=0 other=0 mobile=0 showBar=0 showBarNTP=1
2026-08-27 16:50:40.843: [INFO] BookmarksSnapshot Shutdown total=0 bar=0 other=0 mobile=0 showBar=0 showBarNTP=1
2026-08-27 16:54:05.178: [INFO] CurrentProfilePath: C:\Users\Asus\eclipse-workspace\.metadata\.plugins\org.eclipse.swt\EBWebView\Default
2026-08-27 16:54:05.178: [INFO] Profiles total count: 1
2026-08-27 16:54:05.179: [INFO] Profile: name=Profile 1 path=C:\Users\Asus\eclipse-workspace\.metadata\.plugins\org.eclipse.swt\EBWebView\Default lastActive=2026-08-27T16:50:40.264Z
2026-08-27 16:54:05.179: [INFO] LastUsedProfileDir: C:\Users\Asus\eclipse-workspace\.metadata\.plugins\org.eclipse.swt\EBWebView\Default
2026-08-27 16:54:05.179: [INFO] MostRecentlyActiveProfile: name=Profile 1 path=C:\Users\Asus\eclipse-workspace\.metadata\.plugins\org.eclipse.swt\EBWebView\Default lastActive=2026-08-27T16:50:40.264Z
2026-08-27 16:54:05.179: [INFO] OnDoneLoading sync enabled: 0
2026-08-27 16:54:05.179: [INFO] BookmarkModelLoaded, ids_reassigned: 0
2026-08-27 16:54:05.179: [INFO] BookmarksLoadDropped droppedNodes=0
2026-08-27 16:54:05.179: [INFO] BookmarksSnapshot Startup total=0 bar=0 other=0 mobile=0 showBar=0 showBarNTP=1
2026-08-27 16:54:05.453: [INFO] BookmarksSnapshot Shutdown total=0 bar=0 other=0 mobile=0 showBar=0 showBarNTP=1
2026-08-27 16:56:16.601: [INFO] CurrentProfilePath: C:\Users\Asus\eclipse-workspace\.metadata\.plugins\org.eclipse.swt\EBWebView\Default
2026-08-27 16:56:16.601: [INFO] Profiles total count: 1
2026-08-27 16:56:16.602: [INFO] Profile: name=Profile 1 path=C:\Users\Asus\eclipse-workspace\.metadata\.plugins\org.eclipse.swt\EBWebView\Default lastActive=2026-08-27T16:50:40.264Z
2026-08-27 16:56:16.602: [INFO] LastUsedProfileDir: C:\Users\Asus\eclipse-workspace\.metadata\.plugins\org.eclipse.swt\EBWebView\Default
2026-08-27 16:56:16.602: [INFO] MostRecentlyActiveProfile: name=Profile 1 path=C:\Users\Asus\eclipse-workspace\.metadata\.plugins\org.eclipse.swt\EBWebView\Default lastActive=2026-08-27T16:50:40.264Z
2026-08-27 16:56:16.602: [INFO] OnDoneLoading sync enabled: 0
2026-08-27 16:56:16.602: [INFO] BookmarkModelLoaded, ids_reassigned: 0
2026-08-27 16:56:16.603: [INFO] BookmarksLoadDropped droppedNodes=0
2026-08-27 16:56:16.603: [INFO] BookmarksSnapshot Startup total=0 bar=0 other=0 mobile=0 showBar=0 showBarNTP=1
2026-08-27 16:56:16.867: [INFO] BookmarksSnapshot Shutdown total=0 bar=0 other=0 mobile=0 showBar=0 showBarNTP=1
2026-08-27 17:33:06.954: [INFO] CurrentProfilePath: C:\Users\Asus\eclipse-workspace\.metadata\.plugins\org.eclipse.swt\EBWebView\Default
2026-08-27 17:33:06.954: [INFO] Profiles total count: 1
2026-08-27 17:33:06.955: [INFO] Profile: name=Profile 1 path=C:\Users\Asus\eclipse-workspace\.metadata\.plugins\org.eclipse.swt\EBWebView\Default lastActive=2026-08-27T16:50:40.264Z
2026-08-27 17:33:06.955: [INFO] LastUsedProfileDir: C:\Users\Asus\eclipse-workspace\.metadata\.plugins\org.eclipse.swt\EBWebView\Default
2026-08-27 17:33:06.955: [INFO] MostRecentlyActiveProfile: name=Profile 1 path=C:\Users\Asus\eclipse-workspace\.metadata\.plugins\org.eclipse.swt\EBWebView\Default lastActive=2026-08-27T16:50:40.264Z
2026-08-27 17:33:06.955: [INFO] OnDoneLoading sync enabled: 0
2026-08-27 17:33:06.955: [INFO] BookmarkModelLoaded, ids_reassigned: 0
2026-08-27 17:33:06.955: [INFO] BookmarksLoadDropped droppedNodes=0
2026-08-27 17:33:06.955: [INFO] BookmarksSnapshot Startup total=0 bar=0 other=0 mobile=0 showBar=0 showBarNTP=1
2026-08-27 17:33:07.205: [INFO] BookmarksSnapshot Shutdown total=0 bar=0 other=0 mobile=0 showBar=0 showBarNTP=1
2026-08-27 17:41:20.589: [INFO] CurrentProfilePath: C:\Users\Asus\eclipse-workspace\.metadata\.plugins\org.eclipse.swt\EBWebView\Default
2026-08-27 17:41:20.589: [INFO] Profiles total count: 1
2026-08-27 17:41:20.591: [INFO] Profile: name=Profile 1 path=C:\Users\Asus\eclipse-workspace\.metadata\.plugins\org.eclipse.swt\EBWebView\Default lastActive=2026-08-27T16:50:40.264Z
2026-08-27 17:41:20.591: [INFO] LastUsedProfileDir: C:\Users\Asus\eclipse-workspace\.metadata\.plugins\org.eclipse.swt\EBWebView\Default
2026-08-27 17:41:20.591: [INFO] MostRecentlyActiveProfile: name=Profile 1 path=C:\Users\Asus\eclipse-workspace\.metadata\.plugins\org.eclipse.swt\EBWebView\Default lastActive=2026-08-27T16:50:40.264Z
2026-08-27 17:41:20.591: [INFO] OnDoneLoading sync enabled: 0
2026-08-27 17:41:20.591: [INFO] BookmarkModelLoaded, ids_reassigned: 0
2026-08-27 17:41:20.591: [INFO] BookmarksLoadDropped droppedNodes=0
2026-08-27 17:41:20.591: [INFO] BookmarksSnapshot Startup total=0 bar=0 other=0 mobile=0 showBar=0 showBarNTP=1
2026-08-27 17:43:50.911: [INFO] BookmarksSnapshot Shutdown total=0 bar=0 other=0 mobile=0 showBar=0 showBarNTP=1
2026-08-28 03:40:27.219: [INFO] CurrentProfilePath: C:\Users\Asus\eclipse-workspace\.metadata\.plugins\org.eclipse.swt\EBWebView\Default
2026-08-28 03:40:27.219: [INFO] Profiles total count: 1
2026-08-28 03:40:27.220: [INFO] Profile: name=Profile 1 path=C:\Users\Asus\eclipse-workspace\.metadata\.plugins\org.eclipse.swt\EBWebView\Default lastActive=2026-08-27T16:50:40.264Z
2026-08-28 03:40:27.220: [INFO] LastUsedProfileDir: C:\Users\Asus\eclipse-workspace\.metadata\.plugins\org.eclipse.swt\EBWebView\Default
2026-08-28 03:40:27.220: [INFO] MostRecentlyActiveProfile: name=Profile 1 path=C:\Users\Asus\eclipse-workspace\.metadata\.plugins\org.eclipse.swt\EBWebView\Default lastActive=2026-08-27T16:50:40.264Z
2026-08-28 03:40:27.220: [INFO] OnDoneLoading sync enabled: 0
2026-08-28 03:40:27.220: [INFO] BookmarkModelLoaded, ids_reassigned: 0
2026-08-28 03:40:27.220: [INFO] BookmarksLoadDropped droppedNodes=0
2026-08-28 03:40:27.220: [INFO] BookmarksSnapshot Startup total=0 bar=0 other=0 mobile=0 showBar=0 showBarNTP=1
2026-08-28 03:44:08.740: [INFO] BookmarksSnapshot Shutdown total=0 bar=0 other=0 mobile=0 showBar=0 showBarNTP=1
2026-08-28 03:45:08.429: [INFO] CurrentProfilePath: C:\Users\Asus\eclipse-workspace\.metadata\.plugins\org.eclipse.swt\EBWebView\Default
2026-08-28 03:45:08.429: [INFO] Profiles total count: 1
2026-08-28 03:45:08.430: [INFO] Profile: name=Profile 1 path=C:\Users\Asus\eclipse-workspace\.metadata\.plugins\org.eclipse.swt\EBWebView\Default lastActive=2026-08-28T03:44:08.245Z
2026-08-28 03:45:08.430: [INFO] LastUsedProfileDir: C:\Users\Asus\eclipse-workspace\.metadata\.plugins\org.eclipse.swt\EBWebView\Default
2026-08-28 03:45:08.430: [INFO] MostRecentlyActiveProfile: name=Profile 1 path=C:\Users\Asus\eclipse-workspace\.metadata\.plugins\org.eclipse.swt\EBWebView\Default lastActive=2026-08-28T03:44:08.245Z
2026-08-28 03:45:08.430: [INFO] OnDoneLoading sync enabled: 0
2026-08-28 03:45:08.430: [INFO] BookmarkModelLoaded, ids_reassigned: 0
2026-08-28 03:45:08.430: [INFO] BookmarksLoadDropped droppedNodes=0
2026-08-28 03:45:08.431: [INFO] BookmarksSnapshot Startup total=0 bar=0 other=0 mobile=0 showBar=0 showBarNTP=1
2026-08-28 03:45:08.731: [INFO] BookmarksSnapshot Shutdown total=0 bar=0 other=0 mobile=0 showBar=0 showBarNTP=1
2026-08-28 03:49:51.319: [INFO] CurrentProfilePath: C:\Users\Asus\eclipse-workspace\.metadata\.plugins\org.eclipse.swt\EBWebView\Default
2026-08-28 03:49:51.319: [INFO] Profiles total count: 1
2026-08-28 03:49:51.320: [INFO] Profile: name=Profile 1 path=C:\Users\Asus\eclipse-workspace\.metadata\.plugins\org.eclipse.swt\EBWebView\Default lastActive=2026-08-28T03:44:08.245Z
2026-08-28 03:49:51.320: [INFO] LastUsedProfileDir: C:\Users\Asus\eclipse-workspace\.metadata\.plugins\org.eclipse.swt\EBWebView\Default
2026-08-28 03:49:51.320: [INFO] MostRecentlyActiveProfile: name=Profile 1 path=C:\Users\Asus\eclipse-workspace\.metadata\.plugins\org.eclipse.swt\EBWebView\Default lastActive=2026-08-28T03:44:08.245Z
2026-08-28 03:49:51.320: [INFO] OnDoneLoading sync enabled: 0
2026-08-28 03:49:51.320: [INFO] BookmarkModelLoaded, ids_reassigned: 0
2026-08-28 03:49:51.320: [INFO] BookmarksLoadDropped droppedNodes=0
2026-08-28 03:49:51.320: [INFO] BookmarksSnapshot Startup total=0 bar=0 other=0 mobile=0 showBar=0 showBarNTP=1
2026-08-28 03:49:51.534: [INFO] BookmarksSnapshot Shutdown total=0 bar=0 other=0 mobile=0 showBar=0 showBarNTP=1
2026-08-28 04:09:58.307: [INFO] CurrentProfilePath: C:\Users\Asus\eclipse-workspace\.metadata\.plugins\org.eclipse.swt\EBWebView\Default
2026-08-28 04:09:58.307: [INFO] Profiles total count: 1
2026-08-28 04:09:58.308: [INFO] Profile: name=Profile 1 path=C:\Users\Asus\eclipse-workspace\.metadata\.plugins\org.eclipse.swt\EBWebView\Default lastActive=2026-08-28T03:44:08.245Z
2026-08-28 04:09:58.308: [INFO] LastUsedProfileDir: C:\Users\Asus\eclipse-workspace\.metadata\.plugins\org.eclipse.swt\EBWebView\Default
2026-08-28 04:09:58.308: [INFO] MostRecentlyActiveProfile: name=Profile 1 path=C:\Users\Asus\eclipse-workspace\.metadata\.plugins\org.eclipse.swt\EBWebView\Default lastActive=2026-08-28T03:44:08.245Z
2026-08-28 04:09:58.308: [INFO] OnDoneLoading sync enabled: 0
2026-08-28 04:09:58.308: [INFO] BookmarkModelLoaded, ids_reassigned: 0
2026-08-28 04:09:58.308: [INFO] BookmarksLoadDropped droppedNodes=0
2026-08-28 04:09:58.308: [INFO] BookmarksSnapshot Startup total=0 bar=0 other=0 mobile=0 showBar=0 showBarNTP=1
2026-08-28 04:09:58.537: [INFO] BookmarksSnapshot Shutdown total=0 bar=0 other=0 mobile=0 showBar=0 showBarNTP=1
2026-08-28 04:12:17.877: [INFO] CurrentProfilePath: C:\Users\Asus\eclipse-workspace\.metadata\.plugins\org.eclipse.swt\EBWebView\Default
2026-08-28 04:12:17.877: [INFO] Profiles total count: 1
2026-08-28 04:12:17.877: [INFO] Profile: name=Profile 1 path=C:\Users\Asus\eclipse-workspace\.metadata\.plugins\org.eclipse.swt\EBWebView\Default lastActive=2026-08-28T03:44:08.245Z
2026-08-28 04:12:17.877: [INFO] LastUsedProfileDir: C:\Users\Asus\eclipse-workspace\.metadata\.plugins\org.eclipse.swt\EBWebView\Default
2026-08-28 04:12:17.877: [INFO] MostRecentlyActiveProfile: name=Profile 1 path=C:\Users\Asus\eclipse-workspace\.metadata\.plugins\org.eclipse.swt\EBWebView\Default lastActive=2026-08-28T03:44:08.245Z
2026-08-28 04:12:17.877: [INFO] OnDoneLoading sync enabled: 0
2026-08-28 04:12:17.877: [INFO] BookmarkModelLoaded, ids_reassigned: 0
2026-08-28 04:12:17.877: [INFO] BookmarksLoadDropped droppedNodes=0
2026-08-28 04:12:17.877: [INFO] BookmarksSnapshot Startup total=0 bar=0 other=0 mobile=0 showBar=0 showBarNTP=1
2026-08-28 04:12:18.107: [INFO] BookmarksSnapshot Shutdown total=0 bar=0 other=0 mobile=0 showBar=0 showBarNTP=1
2026-08-28 04:26:51.420: [INFO] CurrentProfilePath: C:\Users\Asus\eclipse-workspace\.metadata\.plugins\org.eclipse.swt\EBWebView\Default
2026-08-28 04:26:51.420: [INFO] Profiles total count: 1
2026-08-28 04:26:51.421: [INFO] Profile: name=Profile 1 path=C:\Users\Asus\eclipse-workspace\.metadata\.plugins\org.eclipse.swt\EBWebView\Default lastActive=2026-08-28T03:44:08.245Z
2026-08-28 04:26:51.421: [INFO] LastUsedProfileDir: C:\Users\Asus\eclipse-workspace\.metadata\.plugins\org.eclipse.swt\EBWebView\Default
2026-08-28 04:26:51.421: [INFO] MostRecentlyActiveProfile: name=Profile 1 path=C:\Users\Asus\eclipse-workspace\.metadata\.plugins\org.eclipse.swt\EBWebView\Default lastActive=2026-08-28T03:44:08.245Z
2026-08-28 04:26:51.421: [INFO] OnDoneLoading sync enabled: 0
2026-08-28 04:26:51.421: [INFO] BookmarkModelLoaded, ids_reassigned: 0
2026-08-28 04:26:51.421: [INFO] BookmarksLoadDropped droppedNodes=0
2026-08-28 04:26:51.421: [INFO] BookmarksSnapshot Startup total=0 bar=0 other=0 mobile=0 showBar=0 showBarNTP=1
2026-08-28 04:26:51.631: [INFO] BookmarksSnapshot Shutdown total=0 bar=0 other=0 mobile=0 showBar=0 showBarNTP=1
2026-08-28 04:27:41.566: [INFO] CurrentProfilePath: C:\Users\Asus\eclipse-workspace\.metadata\.plugins\org.eclipse.swt\EBWebView\Default
2026-08-28 04:27:41.566: [INFO] Profiles total count: 1
2026-08-28 04:27:41.567: [INFO] Profile: name=Profile 1 path=C:\Users\Asus\eclipse-workspace\.metadata\.plugins\org.eclipse.swt\EBWebView\Default lastActive=2026-08-28T03:44:08.245Z
2026-08-28 04:27:41.567: [INFO] LastUsedProfileDir: C:\Users\Asus\eclipse-workspace\.metadata\.plugins\org.eclipse.swt\EBWebView\Default
2026-08-28 04:27:41.567: [INFO] MostRecentlyActiveProfile: name=Profile 1 path=C:\Users\Asus\eclipse-workspace\.metadata\.plugins\org.eclipse.swt\EBWebView\Default lastActive=2026-08-28T03:44:08.245Z
2026-08-28 04:27:41.567: [INFO] OnDoneLoading sync enabled: 0
2026-08-28 04:27:41.567: [INFO] BookmarkModelLoaded, ids_reassigned: 0
2026-08-28 04:27:41.567: [INFO] BookmarksLoadDropped droppedNodes=0
2026-08-28 04:27:41.567: [INFO] BookmarksSnapshot Startup total=0 bar=0 other=0 mobile=0 showBar=0 showBarNTP=1
2026-08-28 04:27:48.712: [INFO] BookmarksSnapshot Shutdown total=0 bar=0 other=0 mobile=0 showBar=0 showBarNTP=1
2026-08-30 17:02:41.701: [INFO] CurrentProfilePath: C:\Users\Asus\eclipse-workspace\.metadata\.plugins\org.eclipse.swt\EBWebView\Default
2026-08-30 17:02:41.701: [INFO] Profiles total count: 1
2026-08-30 17:02:41.702: [INFO] Profile: name=Profile 1 path=C:\Users\Asus\eclipse-workspace\.metadata\.plugins\org.eclipse.swt\EBWebView\Default lastActive=2026-08-28T03:44:08.245Z
2026-08-30 17:02:41.702: [INFO] LastUsedProfileDir: C:\Users\Asus\eclipse-workspace\.metadata\.plugins\org.eclipse.swt\EBWebView\Default
2026-08-30 17:02:41.702: [INFO] MostRecentlyActiveProfile: name=Profile 1 path=C:\Users\Asus\eclipse-workspace\.metadata\.plugins\org.eclipse.swt\EBWebView\Default lastActive=2026-08-28T03:44:08.245Z
2026-08-30 17:02:41.702: [INFO] OnDoneLoading sync enabled: 0
2026-08-30 17:02:41.702: [INFO] BookmarkModelLoaded, ids_reassigned: 0
2026-08-30 17:02:41.702: [INFO] BookmarksLoadDropped droppedNodes=0
2026-08-30 17:02:41.702: [INFO] BookmarksSnapshot Startup total=0 bar=0 other=0 mobile=0 showBar=0 showBarNTP=1
2026-08-30 17:02:47.520: [INFO] BookmarksSnapshot Shutdown total=0 bar=0 other=0 mobile=0 showBar=0 showBarNTP=1
2026-08-30 17:15:19.801: [INFO] CurrentProfilePath: C:\Users\Asus\eclipse-workspace\.metadata\.plugins\org.eclipse.swt\EBWebView\Default
2026-08-30 17:15:19.801: [INFO] Profiles total count: 1
2026-08-30 17:15:19.802: [INFO] Profile: name=Profile 1 path=C:\Users\Asus\eclipse-workspace\.metadata\.plugins\org.eclipse.swt\EBWebView\Default lastActive=2026-08-30T17:02:46.884Z
2026-08-30 17:15:19.802: [INFO] LastUsedProfileDir: C:\Users\Asus\eclipse-workspace\.metadata\.plugins\org.eclipse.swt\EBWebView\Default
2026-08-30 17:15:19.802: [INFO] MostRecentlyActiveProfile: name=Profile 1 path=C:\Users\Asus\eclipse-workspace\.metadata\.plugins\org.eclipse.swt\EBWebView\Default lastActive=2026-08-30T17:02:46.884Z
2026-08-30 17:15:19.802: [INFO] OnDoneLoading sync enabled: 0
2026-08-30 17:15:19.802: [INFO] BookmarkModelLoaded, ids_reassigned: 0
2026-08-30 17:15:19.802: [INFO] BookmarksLoadDropped droppedNodes=0
2026-08-30 17:15:19.802: [INFO] BookmarksSnapshot Startup total=0 bar=0 other=0 mobile=0 showBar=0 showBarNTP=1
2026-09-01 05:46:59.932: [INFO] BookmarksSnapshot Shutdown total=0 bar=0 other=0 mobile=0 showBar=0 showBarNTP=1
2026-09-01 15:32:25.203: [INFO] CurrentProfilePath: C:\Users\Asus\eclipse-workspace\.metadata\.plugins\org.eclipse.swt\EBWebView\Default
2026-09-01 15:32:25.203: [INFO] Profiles total count: 1
2026-09-01 15:32:25.204: [INFO] Profile: name=Profile 1 path=C:\Users\Asus\eclipse-workspace\.metadata\.plugins\org.eclipse.swt\EBWebView\Default lastActive=2026-08-30T17:02:46.884Z
2026-09-01 15:32:25.204: [INFO] LastUsedProfileDir: C:\Users\Asus\eclipse-workspace\.metadata\.plugins\org.eclipse.swt\EBWebView\Default
2026-09-01 15:32:25.204: [INFO] MostRecentlyActiveProfile: name=Profile 1 path=C:\Users\Asus\eclipse-workspace\.metadata\.plugins\org.eclipse.swt\EBWebView\Default lastActive=2026-08-30T17:02:46.884Z
2026-09-01 15:32:25.204: [INFO] OnDoneLoading sync enabled: 0
2026-09-01 15:32:25.204: [INFO] BookmarkModelLoaded, ids_reassigned: 0
2026-09-01 15:32:25.204: [INFO] BookmarksLoadDropped droppedNodes=0
2026-09-01 15:32:25.204: [INFO] BookmarksSnapshot Startup total=0 bar=0 other=0 mobile=0 showBar=0 showBarNTP=1
2026-09-01 16:02:05.081: [INFO] BookmarksSnapshot Shutdown total=0 bar=0 other=0 mobile=0 showBar=0 showBarNTP=1
2026-09-01 16:08:11.784: [INFO] CurrentProfilePath: C:\Users\Asus\eclipse-workspace\.metadata\.plugins\org.eclipse.swt\EBWebView\Default
2026-09-01 16:08:11.784: [INFO] Profiles total count: 1
2026-09-01 16:08:11.784: [INFO] Profile: name=Profile 1 path=C:\Users\Asus\eclipse-workspace\.metadata\.plugins\org.eclipse.swt\EBWebView\Default lastActive=2026-09-01T16:02:04.764Z
2026-09-01 16:08:11.784: [INFO] LastUsedProfileDir: C:\Users\Asus\eclipse-workspace\.metadata\.plugins\org.eclipse.swt\EBWebView\Default
2026-09-01 16:08:11.784: [INFO] MostRecentlyActiveProfile: name=Profile 1 path=C:\Users\Asus\eclipse-workspace\.metadata\.plugins\org.eclipse.swt\EBWebView\Default lastActive=2026-09-01T16:02:04.764Z
2026-09-01 16:08:11.784: [INFO] OnDoneLoading sync enabled: 0
2026-09-01 16:08:11.784: [INFO] BookmarkModelLoaded, ids_reassigned: 0
2026-09-01 16:08:11.784: [INFO] BookmarksLoadDropped droppedNodes=0
2026-09-01 16:08:11.784: [INFO] BookmarksSnapshot Startup total=0 bar=0 other=0 mobile=0 showBar=0 showBarNTP=1
2026-09-01 16:08:11.925: [INFO] BookmarksSnapshot Shutdown total=0 bar=0 other=0 mobile=0 showBar=0 showBarNTP=1
2026-09-01 16:11:38.149: [INFO] CurrentProfilePath: C:\Users\Asus\eclipse-workspace\.metadata\.plugins\org.eclipse.swt\EBWebView\Default
2026-09-01 16:11:38.149: [INFO] Profiles total count: 1
2026-09-01 16:11:38.149: [INFO] Profile: name=Profile 1 path=C:\Users\Asus\eclipse-workspace\.metadata\.plugins\org.eclipse.swt\EBWebView\Default lastActive=2026-09-01T16:02:04.764Z
2026-09-01 16:11:38.149: [INFO] LastUsedProfileDir: C:\Users\Asus\eclipse-workspace\.metadata\.plugins\org.eclipse.swt\EBWebView\Default
2026-09-01 16:11:38.149: [INFO] MostRecentlyActiveProfile: name=Profile 1 path=C:\Users\Asus\eclipse-workspace\.metadata\.plugins\org.eclipse.swt\EBWebView\Default lastActive=2026-09-01T16:02:04.764Z
2026-09-01 16:11:38.149: [INFO] OnDoneLoading sync enabled: 0
2026-09-01 16:11:38.149: [INFO] BookmarkModelLoaded, ids_reassigned: 0
2026-09-01 16:11:38.149: [INFO] BookmarksLoadDropped droppedNodes=0
2026-09-01 16:11:38.149: [INFO] BookmarksSnapshot Startup total=0 bar=0 other=0 mobile=0 showBar=0 showBarNTP=1
2026-09-01 16:11:38.292: [INFO] BookmarksSnapshot Shutdown total=0 bar=0 other=0 mobile=0 showBar=0 showBarNTP=1
2026-09-01 16:14:17.907: [INFO] CurrentProfilePath: C:\Users\Asus\eclipse-workspace\.metadata\.plugins\org.eclipse.swt\EBWebView\Default
2026-09-01 16:14:17.907: [INFO] Profiles total count: 1
2026-09-01 16:14:17.907: [INFO] Profile: name=Profile 1 path=C:\Users\Asus\eclipse-workspace\.metadata\.plugins\org.eclipse.swt\EBWebView\Default lastActive=2026-09-01T16:02:04.764Z
2026-09-01 16:14:17.907: [INFO] LastUsedProfileDir: C:\Users\Asus\eclipse-workspace\.metadata\.plugins\org.eclipse.swt\EBWebView\Default
2026-09-01 16:14:17.907: [INFO] MostRecentlyActiveProfile: name=Profile 1 path=C:\Users\Asus\eclipse-workspace\.metadata\.plugins\org.eclipse.swt\EBWebView\Default lastActive=2026-09-01T16:02:04.764Z
2026-09-01 16:14:17.907: [INFO] OnDoneLoading sync enabled: 0
2026-09-01 16:14:17.907: [INFO] BookmarkModelLoaded, ids_reassigned: 0
2026-09-01 16:14:17.907: [INFO] BookmarksLoadDropped droppedNodes=0
2026-09-01 16:14:17.907: [INFO] BookmarksSnapshot Startup total=0 bar=0 other=0 mobile=0 showBar=0 showBarNTP=1
2026-09-01 16:18:41.423: [INFO] BookmarksSnapshot Shutdown total=0 bar=0 other=0 mobile=0 showBar=0 showBarNTP=1
2026-09-01 16:20:55.458: [INFO] CurrentProfilePath: C:\Users\Asus\eclipse-workspace\.metadata\.plugins\org.eclipse.swt\EBWebView\Default
2026-09-01 16:20:55.458: [INFO] Profiles total count: 1
2026-09-01 16:20:55.458: [INFO] Profile: name=Profile 1 path=C:\Users\Asus\eclipse-workspace\.metadata\.plugins\org.eclipse.swt\EBWebView\Default lastActive=2026-09-01T16:02:04.764Z
2026-09-01 16:20:55.458: [INFO] LastUsedProfileDir: C:\Users\Asus\eclipse-workspace\.metadata\.plugins\org.eclipse.swt\EBWebView\Default
2026-09-01 16:20:55.458: [INFO] MostRecentlyActiveProfile: name=Profile 1 path=C:\Users\Asus\eclipse-workspace\.metadata\.plugins\org.eclipse.swt\EBWebView\Default lastActive=2026-09-01T16:02:04.764Z
2026-09-01 16:20:55.458: [INFO] OnDoneLoading sync enabled: 0
2026-09-01 16:20:55.458: [INFO] BookmarkModelLoaded, ids_reassigned: 0
2026-09-01 16:20:55.458: [INFO] BookmarksLoadDropped droppedNodes=0
2026-09-01 16:20:55.458: [INFO] BookmarksSnapshot Startup total=0 bar=0 other=0 mobile=0 showBar=0 showBarNTP=1
2026-09-01 16:21:23.169: [INFO] BookmarksSnapshot Shutdown total=0 bar=0 other=0 mobile=0 showBar=0 showBarNTP=1
2026-09-01 16:21:30.359: [INFO] CurrentProfilePath: C:\Users\Asus\eclipse-workspace\.metadata\.plugins\org.eclipse.swt\EBWebView\Default
2026-09-01 16:21:30.359: [INFO] Profiles total count: 1
2026-09-01 16:21:30.359: [INFO] Profile: name=Profile 1 path=C:\Users\Asus\eclipse-workspace\.metadata\.plugins\org.eclipse.swt\EBWebView\Default lastActive=2026-09-01T16:02:04.764Z
2026-09-01 16:21:30.359: [INFO] LastUsedProfileDir: C:\Users\Asus\eclipse-workspace\.metadata\.plugins\org.eclipse.swt\EBWebView\Default
2026-09-01 16:21:30.359: [INFO] MostRecentlyActiveProfile: name=Profile 1 path=C:\Users\Asus\eclipse-workspace\.metadata\.plugins\org.eclipse.swt\EBWebView\Default lastActive=2026-09-01T16:02:04.764Z
2026-09-01 16:21:30.359: [INFO] OnDoneLoading sync enabled: 0
2026-09-01 16:21:30.359: [INFO] BookmarkModelLoaded, ids_reassigned: 0
2026-09-01 16:21:30.359: [INFO] BookmarksLoadDropped droppedNodes=0
2026-09-01 16:21:30.359: [INFO] BookmarksSnapshot Startup total=0 bar=0 other=0 mobile=0 showBar=0 showBarNTP=1
2026-09-01 16:23:55.448: [INFO] BookmarksSnapshot Shutdown total=0 bar=0 other=0 mobile=0 showBar=0 showBarNTP=1
2026-09-01 16:25:54.813: [INFO] CurrentProfilePath: C:\Users\Asus\eclipse-workspace\.metadata\.plugins\org.eclipse.swt\EBWebView\Default
2026-09-01 16:25:54.813: [INFO] Profiles total count: 1
2026-09-01 16:25:54.813: [INFO] Profile: name=Profile 1 path=C:\Users\Asus\eclipse-workspace\.metadata\.plugins\org.eclipse.swt\EBWebView\Default lastActive=2026-09-01T16:02:04.764Z
2026-09-01 16:25:54.813: [INFO] LastUsedProfileDir: C:\Users\Asus\eclipse-workspace\.metadata\.plugins\org.eclipse.swt\EBWebView\Default
2026-09-01 16:25:54.813: [INFO] MostRecentlyActiveProfile: name=Profile 1 path=C:\Users\Asus\eclipse-workspace\.metadata\.plugins\org.eclipse.swt\EBWebView\Default lastActive=2026-09-01T16:02:04.764Z
2026-09-01 16:25:54.813: [INFO] OnDoneLoading sync enabled: 0
2026-09-01 16:25:54.813: [INFO] BookmarkModelLoaded, ids_reassigned: 0
2026-09-01 16:25:54.813: [INFO] BookmarksLoadDropped droppedNodes=0
2026-09-01 16:25:54.813: [INFO] BookmarksSnapshot Startup total=0 bar=0 other=0 mobile=0 showBar=0 showBarNTP=1
2026-09-01 16:26:45.010: [INFO] BookmarksSnapshot Shutdown total=0 bar=0 other=0 mobile=0 showBar=0 showBarNTP=1
2026-09-01 16:30:49.728: [INFO] CurrentProfilePath: C:\Users\Asus\eclipse-workspace\.metadata\.plugins\org.eclipse.swt\EBWebView\Default
2026-09-01 16:30:49.728: [INFO] Profiles total count: 1
2026-09-01 16:30:49.728: [INFO] Profile: name=Profile 1 path=C:\Users\Asus\eclipse-workspace\.metadata\.plugins\org.eclipse.swt\EBWebView\Default lastActive=2026-09-01T16:26:44.562Z
2026-09-01 16:30:49.728: [INFO] LastUsedProfileDir: C:\Users\Asus\eclipse-workspace\.metadata\.plugins\org.eclipse.swt\EBWebView\Default
2026-09-01 16:30:49.728: [INFO] MostRecentlyActiveProfile: name=Profile 1 path=C:\Users\Asus\eclipse-workspace\.metadata\.plugins\org.eclipse.swt\EBWebView\Default lastActive=2026-09-01T16:26:44.562Z
2026-09-01 16:30:49.728: [INFO] OnDoneLoading sync enabled: 0
2026-09-01 16:30:49.728: [INFO] BookmarkModelLoaded, ids_reassigned: 0
2026-09-01 16:30:49.728: [INFO] BookmarksLoadDropped droppedNodes=0
2026-09-01 16:30:49.728: [INFO] BookmarksSnapshot Startup total=0 bar=0 other=0 mobile=0 showBar=0 showBarNTP=1
2026-09-01 16:30:49.996: [INFO] BookmarksSnapshot Shutdown total=0 bar=0 other=0 mobile=0 showBar=0 showBarNTP=1
2026-09-01 16:32:59.749: [INFO] CurrentProfilePath: C:\Users\Asus\eclipse-workspace\.metadata\.plugins\org.eclipse.swt\EBWebView\Default
2026-09-01 16:32:59.749: [INFO] Profiles total count: 1
2026-09-01 16:32:59.749: [INFO] Profile: name=Profile 1 path=C:\Users\Asus\eclipse-workspace\.metadata\.plugins\org.eclipse.swt\EBWebView\Default lastActive=2026-09-01T16:26:44.562Z
2026-09-01 16:32:59.749: [INFO] LastUsedProfileDir: C:\Users\Asus\eclipse-workspace\.metadata\.plugins\org.eclipse.swt\EBWebView\Default
2026-09-01 16:32:59.749: [INFO] MostRecentlyActiveProfile: name=Profile 1 path=C:\Users\Asus\eclipse-workspace\.metadata\.plugins\org.eclipse.swt\EBWebView\Default lastActive=2026-09-01T16:26:44.562Z
2026-09-01 16:32:59.749: [INFO] OnDoneLoading sync enabled: 0
2026-09-01 16:32:59.749: [INFO] BookmarkModelLoaded, ids_reassigned: 0
2026-09-01 16:32:59.749: [INFO] BookmarksLoadDropped droppedNodes=0
2026-09-01 16:32:59.749: [INFO] BookmarksSnapshot Startup total=0 bar=0 other=0 mobile=0 showBar=0 showBarNTP=1
2026-09-01 16:33:00.095: [INFO] BookmarksSnapshot Shutdown total=0 bar=0 other=0 mobile=0 showBar=0 showBarNTP=1
2026-09-01 17:15:21.714: [INFO] CurrentProfilePath: C:\Users\Asus\eclipse-workspace\.metadata\.plugins\org.eclipse.swt\EBWebView\Default
2026-09-01 17:15:21.714: [INFO] Profiles total count: 1
2026-09-01 17:15:21.715: [INFO] Profile: name=Profile 1 path=C:\Users\Asus\eclipse-workspace\.metadata\.plugins\org.eclipse.swt\EBWebView\Default lastActive=2026-09-01T16:26:44.562Z
2026-09-01 17:15:21.715: [INFO] LastUsedProfileDir: C:\Users\Asus\eclipse-workspace\.metadata\.plugins\org.eclipse.swt\EBWebView\Default
2026-09-01 17:15:21.715: [INFO] MostRecentlyActiveProfile: name=Profile 1 path=C:\Users\Asus\eclipse-workspace\.metadata\.plugins\org.eclipse.swt\EBWebView\Default lastActive=2026-09-01T16:26:44.562Z
2026-09-01 17:15:21.715: [INFO] OnDoneLoading sync enabled: 0
2026-09-01 17:15:21.715: [INFO] BookmarkModelLoaded, ids_reassigned: 0
2026-09-01 17:15:21.715: [INFO] BookmarksLoadDropped droppedNodes=0
2026-09-01 17:15:21.715: [INFO] BookmarksSnapshot Startup total=0 bar=0 other=0 mobile=0 showBar=0 showBarNTP=1
2026-09-02 17:10:14.134: [INFO] CurrentProfilePath: C:\Users\Asus\eclipse-workspace\.metadata\.plugins\org.eclipse.swt\EBWebView\Default
2026-09-02 17:10:14.134: [INFO] Profiles total count: 1
2026-09-02 17:10:14.134: [INFO] Profile: name=Profile 1 path=C:\Users\Asus\eclipse-workspace\.metadata\.plugins\org.eclipse.swt\EBWebView\Default lastActive=2026-09-02T17:08:44.937Z
2026-09-02 17:10:14.134: [INFO] LastUsedProfileDir: C:\Users\Asus\eclipse-workspace\.metadata\.plugins\org.eclipse.swt\EBWebView\Default
2026-09-02 17:10:14.134: [INFO] MostRecentlyActiveProfile: name=Profile 1 path=C:\Users\Asus\eclipse-workspace\.metadata\.plugins\org.eclipse.swt\EBWebView\Default lastActive=2026-09-02T17:08:44.937Z
2026-09-02 17:10:14.134: [INFO] OnDoneLoading sync enabled: 0
2026-09-02 17:10:14.134: [INFO] BookmarkModelLoaded, ids_reassigned: 0
2026-09-02 17:10:14.134: [INFO] BookmarksLoadDropped droppedNodes=0
2026-09-02 17:10:14.134: [INFO] BookmarksSnapshot Startup total=0 bar=0 other=0 mobile=0 showBar=0 showBarNTP=1
2026-09-02 17:11:33.993: [INFO] BookmarksSnapshot Shutdown total=0 bar=0 other=0 mobile=0 showBar=0 showBarNTP=1
2026-09-02 17:12:59.477: [INFO] CurrentProfilePath: C:\Users\Asus\eclipse-workspace\.metadata\.plugins\org.eclipse.swt\EBWebView\Default
2026-09-02 17:12:59.478: [INFO] Profiles total count: 1
2026-09-02 17:12:59.478: [INFO] Profile: name=Profile 1 path=C:\Users\Asus\eclipse-workspace\.metadata\.plugins\org.eclipse.swt\EBWebView\Default lastActive=2026-09-02T17:08:44.937Z
2026-09-02 17:12:59.478: [INFO] LastUsedProfileDir: C:\Users\Asus\eclipse-workspace\.metadata\.plugins\org.eclipse.swt\EBWebView\Default
2026-09-02 17:12:59.478: [INFO] MostRecentlyActiveProfile: name=Profile 1 path=C:\Users\Asus\eclipse-workspace\.metadata\.plugins\org.eclipse.swt\EBWebView\Default lastActive=2026-09-02T17:08:44.937Z
2026-09-02 17:12:59.478: [INFO] OnDoneLoading sync enabled: 0
2026-09-02 17:12:59.478: [INFO] BookmarkModelLoaded, ids_reassigned: 0
2026-09-02 17:12:59.478: [INFO] BookmarksLoadDropped droppedNodes=0
2026-09-02 17:12:59.478: [INFO] BookmarksSnapshot Startup total=0 bar=0 other=0 mobile=0 showBar=0 showBarNTP=1
2026-09-02 17:12:59.787: [INFO] BookmarksSnapshot Shutdown total=0 bar=0 other=0 mobile=0 showBar=0 showBarNTP=1
2026-09-02 17:14:29.231: [INFO] CurrentProfilePath: C:\Users\Asus\eclipse-workspace\.metadata\.plugins\org.eclipse.swt\EBWebView\Default
2026-09-02 17:14:29.231: [INFO] Profiles total count: 1
2026-09-02 17:14:29.231: [INFO] Profile: name=Profile 1 path=C:\Users\Asus\eclipse-workspace\.metadata\.plugins\org.eclipse.swt\EBWebView\Default lastActive=2026-09-02T17:08:44.937Z
2026-09-02 17:14:29.231: [INFO] LastUsedProfileDir: C:\Users\Asus\eclipse-workspace\.metadata\.plugins\org.eclipse.swt\EBWebView\Default
2026-09-02 17:14:29.231: [INFO] MostRecentlyActiveProfile: name=Profile 1 path=C:\Users\Asus\eclipse-workspace\.metadata\.plugins\org.eclipse.swt\EBWebView\Default lastActive=2026-09-02T17:08:44.937Z
2026-09-02 17:14:29.231: [INFO] OnDoneLoading sync enabled: 0
2026-09-02 17:14:29.231: [INFO] BookmarkModelLoaded, ids_reassigned: 0
2026-09-02 17:14:29.231: [INFO] BookmarksLoadDropped droppedNodes=0
2026-09-02 17:14:29.231: [INFO] BookmarksSnapshot Startup total=0 bar=0 other=0 mobile=0 showBar=0 showBarNTP=1
2026-09-02 17:14:36.145: [INFO] BookmarksSnapshot Shutdown total=0 bar=0 other=0 mobile=0 showBar=0 showBarNTP=1
2026-09-02 17:15:01.646: [INFO] CurrentProfilePath: C:\Users\Asus\eclipse-workspace\.metadata\.plugins\org.eclipse.swt\EBWebView\Default
2026-09-02 17:15:01.646: [INFO] Profiles total count: 1
2026-09-02 17:15:01.646: [INFO] Profile: name=Profile 1 path=C:\Users\Asus\eclipse-workspace\.metadata\.plugins\org.eclipse.swt\EBWebView\Default lastActive=2026-09-02T17:08:44.937Z
2026-09-02 17:15:01.646: [INFO] LastUsedProfileDir: C:\Users\Asus\eclipse-workspace\.metadata\.plugins\org.eclipse.swt\EBWebView\Default
2026-09-02 17:15:01.646: [INFO] MostRecentlyActiveProfile: name=Profile 1 path=C:\Users\Asus\eclipse-workspace\.metadata\.plugins\org.eclipse.swt\EBWebView\Default lastActive=2026-09-02T17:08:44.937Z
2026-09-02 17:15:01.646: [INFO] OnDoneLoading sync enabled: 0
2026-09-02 17:15:01.646: [INFO] BookmarkModelLoaded, ids_reassigned: 0
2026-09-02 17:15:01.646: [INFO] BookmarksLoadDropped droppedNodes=0
2026-09-02 17:15:01.646: [INFO] BookmarksSnapshot Startup total=0 bar=0 other=0 mobile=0 showBar=0 showBarNTP=1
2026-09-02 17:15:01.890: [INFO] BookmarksSnapshot Shutdown total=0 bar=0 other=0 mobile=0 showBar=0 showBarNTP=1
2026-09-02 17:15:04.165: [INFO] CurrentProfilePath: C:\Users\Asus\eclipse-workspace\.metadata\.plugins\org.eclipse.swt\EBWebView\Default
2026-09-02 17:15:04.165: [INFO] Profiles total count: 1
2026-09-02 17:15:04.165: [INFO] Profile: name=Profile 1 path=C:\Users\Asus\eclipse-workspace\.metadata\.plugins\org.eclipse.swt\EBWebView\Default lastActive=2026-09-02T17:08:44.937Z
2026-09-02 17:15:04.165: [INFO] LastUsedProfileDir: C:\Users\Asus\eclipse-workspace\.metadata\.plugins\org.eclipse.swt\EBWebView\Default
2026-09-02 17:15:04.165: [INFO] MostRecentlyActiveProfile: name=Profile 1 path=C:\Users\Asus\eclipse-workspace\.metadata\.plugins\org.eclipse.swt\EBWebView\Default lastActive=2026-09-02T17:08:44.937Z
2026-09-02 17:15:04.165: [INFO] OnDoneLoading sync enabled: 0
2026-09-02 17:15:04.165: [INFO] BookmarkModelLoaded, ids_reassigned: 0
2026-09-02 17:15:04.165: [INFO] BookmarksLoadDropped droppedNodes=0
2026-09-02 17:15:04.165: [INFO] BookmarksSnapshot Startup total=0 bar=0 other=0 mobile=0 showBar=0 showBarNTP=1
2026-09-02 17:15:04.460: [INFO] BookmarksSnapshot Shutdown total=0 bar=0 other=0 mobile=0 showBar=0 showBarNTP=1
2026-09-02 17:16:08.122: [INFO] CurrentProfilePath: C:\Users\Asus\eclipse-workspace\.metadata\.plugins\org.eclipse.swt\EBWebView\Default
2026-09-02 17:16:08.122: [INFO] Profiles total count: 1
2026-09-02 17:16:08.123: [INFO] Profile: name=Profile 1 path=C:\Users\Asus\eclipse-workspace\.metadata\.plugins\org.eclipse.swt\EBWebView\Default lastActive=2026-09-02T17:08:44.937Z
2026-09-02 17:16:08.123: [INFO] LastUsedProfileDir: C:\Users\Asus\eclipse-workspace\.metadata\.plugins\org.eclipse.swt\EBWebView\Default
2026-09-02 17:16:08.123: [INFO] MostRecentlyActiveProfile: name=Profile 1 path=C:\Users\Asus\eclipse-workspace\.metadata\.plugins\org.eclipse.swt\EBWebView\Default lastActive=2026-09-02T17:08:44.937Z
2026-09-02 17:16:08.123: [INFO] OnDoneLoading sync enabled: 0
2026-09-02 17:16:08.123: [INFO] BookmarkModelLoaded, ids_reassigned: 0
2026-09-02 17:16:08.123: [INFO] BookmarksLoadDropped droppedNodes=0
2026-09-02 17:16:08.123: [INFO] BookmarksSnapshot Startup total=0 bar=0 other=0 mobile=0 showBar=0 showBarNTP=1
2026-09-02 17:16:15.164: [INFO] BookmarksSnapshot Shutdown total=0 bar=0 other=0 mobile=0 showBar=0 showBarNTP=1
2026-09-02 17:19:16.275: [INFO] CurrentProfilePath: C:\Users\Asus\eclipse-workspace\.metadata\.plugins\org.eclipse.swt\EBWebView\Default
2026-09-02 17:19:16.275: [INFO] Profiles total count: 1
2026-09-02 17:19:16.275: [INFO] Profile: name=Profile 1 path=C:\Users\Asus\eclipse-workspace\.metadata\.plugins\org.eclipse.swt\EBWebView\Default lastActive=2026-09-02T17:08:44.937Z
2026-09-02 17:19:16.275: [INFO] LastUsedProfileDir: C:\Users\Asus\eclipse-workspace\.metadata\.plugins\org.eclipse.swt\EBWebView\Default
2026-09-02 17:19:16.275: [INFO] MostRecentlyActiveProfile: name=Profile 1 path=C:\Users\Asus\eclipse-workspace\.metadata\.plugins\org.eclipse.swt\EBWebView\Default lastActive=2026-09-02T17:08:44.937Z
2026-09-02 17:19:16.275: [INFO] OnDoneLoading sync enabled: 0
2026-09-02 17:19:16.275: [INFO] BookmarkModelLoaded, ids_reassigned: 0
2026-09-02 17:19:16.275: [INFO] BookmarksLoadDropped droppedNodes=0
2026-09-02 17:19:16.275: [INFO] BookmarksSnapshot Startup total=0 bar=0 other=0 mobile=0 showBar=0 showBarNTP=1
2026-09-02 17:19:16.446: [INFO] BookmarksSnapshot Shutdown total=0 bar=0 other=0 mobile=0 showBar=0 showBarNTP=1
2026-09-02 17:20:58.917: [INFO] CurrentProfilePath: C:\Users\Asus\eclipse-workspace\.metadata\.plugins\org.eclipse.swt\EBWebView\Default
2026-09-02 17:20:58.917: [INFO] Profiles total count: 1
2026-09-02 17:20:58.917: [INFO] Profile: name=Profile 1 path=C:\Users\Asus\eclipse-workspace\.metadata\.plugins\org.eclipse.swt\EBWebView\Default lastActive=2026-09-02T17:08:44.937Z
2026-09-02 17:20:58.917: [INFO] LastUsedProfileDir: C:\Users\Asus\eclipse-workspace\.metadata\.plugins\org.eclipse.swt\EBWebView\Default
2026-09-02 17:20:58.917: [INFO] MostRecentlyActiveProfile: name=Profile 1 path=C:\Users\Asus\eclipse-workspace\.metadata\.plugins\org.eclipse.swt\EBWebView\Default lastActive=2026-09-02T17:08:44.937Z
2026-09-02 17:20:58.917: [INFO] OnDoneLoading sync enabled: 0
2026-09-02 17:20:58.917: [INFO] BookmarkModelLoaded, ids_reassigned: 0
2026-09-02 17:20:58.917: [INFO] BookmarksLoadDropped droppedNodes=0
2026-09-02 17:20:58.917: [INFO] BookmarksSnapshot Startup total=0 bar=0 other=0 mobile=0 showBar=0 showBarNTP=1
2026-09-02 17:21:03.501: [INFO] BookmarksSnapshot Shutdown total=0 bar=0 other=0 mobile=0 showBar=0 showBarNTP=1
2026-09-02 17:21:36.401: [INFO] CurrentProfilePath: C:\Users\Asus\eclipse-workspace\.metadata\.plugins\org.eclipse.swt\EBWebView\Default
2026-09-02 17:21:36.401: [INFO] Profiles total count: 1
2026-09-02 17:21:36.401: [INFO] Profile: name=Profile 1 path=C:\Users\Asus\eclipse-workspace\.metadata\.plugins\org.eclipse.swt\EBWebView\Default lastActive=2026-09-02T17:08:44.937Z
2026-09-02 17:21:36.401: [INFO] LastUsedProfileDir: C:\Users\Asus\eclipse-workspace\.metadata\.plugins\org.eclipse.swt\EBWebView\Default
2026-09-02 17:21:36.401: [INFO] MostRecentlyActiveProfile: name=Profile 1 path=C:\Users\Asus\eclipse-workspace\.metadata\.plugins\org.eclipse.swt\EBWebView\Default lastActive=2026-09-02T17:08:44.937Z
2026-09-02 17:21:36.401: [INFO] OnDoneLoading sync enabled: 0
2026-09-02 17:21:36.401: [INFO] BookmarkModelLoaded, ids_reassigned: 0
2026-09-02 17:21:36.401: [INFO] BookmarksLoadDropped droppedNodes=0
2026-09-02 17:21:36.401: [INFO] BookmarksSnapshot Startup total=0 bar=0 other=0 mobile=0 showBar=0 showBarNTP=1
2026-09-02 17:36:38.728: [INFO] BookmarksSnapshot Shutdown total=0 bar=0 other=0 mobile=0 showBar=0 showBarNTP=1
2026-09-04 18:51:21.861: [INFO] CurrentProfilePath: C:\Users\Asus\eclipse-workspace\.metadata\.plugins\org.eclipse.swt\EBWebView\Default
2026-09-04 18:51:21.861: [INFO] Profiles total count: 1
2026-09-04 18:51:21.862: [INFO] Profile: name=Profile 1 path=C:\Users\Asus\eclipse-workspace\.metadata\.plugins\org.eclipse.swt\EBWebView\Default lastActive=2026-09-02T17:08:44.937Z
2026-09-04 18:51:21.862: [INFO] LastUsedProfileDir: C:\Users\Asus\eclipse-workspace\.metadata\.plugins\org.eclipse.swt\EBWebView\Default
2026-09-04 18:51:21.862: [INFO] MostRecentlyActiveProfile: name=Profile 1 path=C:\Users\Asus\eclipse-workspace\.metadata\.plugins\org.eclipse.swt\EBWebView\Default lastActive=2026-09-02T17:08:44.937Z
2026-09-04 18:51:21.862: [INFO] OnDoneLoading sync enabled: 0
2026-09-04 18:51:21.862: [INFO] BookmarkModelLoaded, ids_reassigned: 0
2026-09-04 18:51:21.862: [INFO] BookmarksLoadDropped droppedNodes=0
2026-09-04 18:51:21.862: [INFO] BookmarksSnapshot Startup total=0 bar=0 other=0 mobile=0 showBar=0 showBarNTP=1
2026-09-04 18:53:20.720: [INFO] BookmarksSnapshot Shutdown total=0 bar=0 other=0 mobile=0 showBar=0 showBarNTP=1
2026-09-04 18:56:21.064: [INFO] CurrentProfilePath: C:\Users\Asus\eclipse-workspace\.metadata\.plugins\org.eclipse.swt\EBWebView\Default
2026-09-04 18:56:21.064: [INFO] Profiles total count: 1
2026-09-04 18:56:21.065: [INFO] Profile: name=Profile 1 path=C:\Users\Asus\eclipse-workspace\.metadata\.plugins\org.eclipse.swt\EBWebView\Default lastActive=2026-09-04T18:53:20.248Z
2026-09-04 18:56:21.065: [INFO] LastUsedProfileDir: C:\Users\Asus\eclipse-workspace\.metadata\.plugins\org.eclipse.swt\EBWebView\Default
2026-09-04 18:56:21.065: [INFO] MostRecentlyActiveProfile: name=Profile 1 path=C:\Users\Asus\eclipse-workspace\.metadata\.plugins\org.eclipse.swt\EBWebView\Default lastActive=2026-09-04T18:53:20.248Z
2026-09-04 18:56:21.065: [INFO] OnDoneLoading sync enabled: 0
2026-09-04 18:56:21.065: [INFO] BookmarkModelLoaded, ids_reassigned: 0
2026-09-04 18:56:21.065: [INFO] BookmarksLoadDropped droppedNodes=0
2026-09-04 18:56:21.065: [INFO] BookmarksSnapshot Startup total=0 bar=0 other=0 mobile=0 showBar=0 showBarNTP=1
2026-09-04 19:07:30.032: [INFO] BookmarksSnapshot Shutdown total=0 bar=0 other=0 mobile=0 showBar=0 showBarNTP=1
2026-09-06 19:30:57.731: [INFO] CurrentProfilePath: C:\Users\Asus\eclipse-workspace\.metadata\.plugins\org.eclipse.swt\EBWebView\Default
2026-09-06 19:30:57.731: [INFO] Profiles total count: 1
2026-09-06 19:30:57.731: [INFO] Profile: name=Profile 1 path=C:\Users\Asus\eclipse-workspace\.metadata\.plugins\org.eclipse.swt\EBWebView\Default lastActive=2026-09-04T18:53:20.248Z
2026-09-06 19:30:57.731: [INFO] LastUsedProfileDir: C:\Users\Asus\eclipse-workspace\.metadata\.plugins\org.eclipse.swt\EBWebView\Default
2026-09-06 19:30:57.731: [INFO] MostRecentlyActiveProfile: name=Profile 1 path=C:\Users\Asus\eclipse-workspace\.metadata\.plugins\org.eclipse.swt\EBWebView\Default lastActive=2026-09-04T18:53:20.248Z
2026-09-06 19:30:57.731: [INFO] OnDoneLoading sync enabled: 0
2026-09-06 19:30:57.731: [INFO] BookmarkModelLoaded, ids_reassigned: 0
2026-09-06 19:30:57.731: [INFO] BookmarksLoadDropped droppedNodes=0
2026-09-06 19:30:57.731: [INFO] BookmarksSnapshot Startup total=0 bar=0 other=0 mobile=0 showBar=0 showBarNTP=1
2026-09-06 19:31:18.523: [INFO] BookmarksSnapshot Shutdown total=0 bar=0 other=0 mobile=0 showBar=0 showBarNTP=1
2026-09-06 19:33:05.792: [INFO] CurrentProfilePath: C:\Users\Asus\eclipse-workspace\.metadata\.plugins\org.eclipse.swt\EBWebView\Default
2026-09-06 19:33:05.792: [INFO] Profiles total count: 1
2026-09-06 19:33:05.792: [INFO] Profile: name=Profile 1 path=C:\Users\Asus\eclipse-workspace\.metadata\.plugins\org.eclipse.swt\EBWebView\Default lastActive=2026-09-06T19:31:18.028Z
2026-09-06 19:33:05.792: [INFO] LastUsedProfileDir: C:\Users\Asus\eclipse-workspace\.metadata\.plugins\org.eclipse.swt\EBWebView\Default
2026-09-06 19:33:05.792: [INFO] MostRecentlyActiveProfile: name=Profile 1 path=C:\Users\Asus\eclipse-workspace\.metadata\.plugins\org.eclipse.swt\EBWebView\Default lastActive=2026-09-06T19:31:18.028Z
2026-09-06 19:33:05.792: [INFO] OnDoneLoading sync enabled: 0
2026-09-06 19:33:05.792: [INFO] BookmarkModelLoaded, ids_reassigned: 0
2026-09-06 19:33:05.792: [INFO] BookmarksLoadDropped droppedNodes=0
2026-09-06 19:33:05.792: [INFO] BookmarksSnapshot Startup total=0 bar=0 other=0 mobile=0 showBar=0 showBarNTP=1
2026-09-06 19:33:06.367: [INFO] BookmarksSnapshot Shutdown total=0 bar=0 other=0 mobile=0 showBar=0 showBarNTP=1
2026-09-06 19:33:33.593: [INFO] CurrentProfilePath: C:\Users\Asus\eclipse-workspace\.metadata\.plugins\org.eclipse.swt\EBWebView\Default
2026-09-06 19:33:33.593: [INFO] Profiles total count: 1
2026-09-06 19:33:33.593: [INFO] Profile: name=Profile 1 path=C:\Users\Asus\eclipse-workspace\.metadata\.plugins\org.eclipse.swt\EBWebView\Default lastActive=2026-09-06T19:31:18.028Z
2026-09-06 19:33:33.593: [INFO] LastUsedProfileDir: C:\Users\Asus\eclipse-workspace\.metadata\.plugins\org.eclipse.swt\EBWebView\Default
2026-09-06 19:33:33.593: [INFO] MostRecentlyActiveProfile: name=Profile 1 path=C:\Users\Asus\eclipse-workspace\.metadata\.plugins\org.eclipse.swt\EBWebView\Default lastActive=2026-09-06T19:31:18.028Z
2026-09-06 19:33:33.593: [INFO] OnDoneLoading sync enabled: 0
2026-09-06 19:33:33.593: [INFO] BookmarkModelLoaded, ids_reassigned: 0
2026-09-06 19:33:33.593: [INFO] BookmarksLoadDropped droppedNodes=0
2026-09-06 19:33:33.593: [INFO] BookmarksSnapshot Startup total=0 bar=0 other=0 mobile=0 showBar=0 showBarNTP=1
2026-09-06 19:33:38.100: [INFO] BookmarksSnapshot Shutdown total=0 bar=0 other=0 mobile=0 showBar=0 showBarNTP=1
2026-09-07 17:37:59.904: [INFO] CurrentProfilePath: C:\Users\Asus\eclipse-workspace\.metadata\.plugins\org.eclipse.swt\EBWebView\Default
2026-09-07 17:37:59.904: [INFO] Profiles total count: 1
2026-09-07 17:37:59.904: [INFO] Profile: name=Profile 1 path=C:\Users\Asus\eclipse-workspace\.metadata\.plugins\org.eclipse.swt\EBWebView\Default lastActive=2026-09-06T19:31:18.028Z
2026-09-07 17:37:59.904: [INFO] LastUsedProfileDir: C:\Users\Asus\eclipse-workspace\.metadata\.plugins\org.eclipse.swt\EBWebView\Default
2026-09-07 17:37:59.904: [INFO] MostRecentlyActiveProfile: name=Profile 1 path=C:\Users\Asus\eclipse-workspace\.metadata\.plugins\org.eclipse.swt\EBWebView\Default lastActive=2026-09-06T19:31:18.028Z
2026-09-07 17:37:59.904: [INFO] OnDoneLoading sync enabled: 0
2026-09-07 17:37:59.904: [INFO] BookmarkModelLoaded, ids_reassigned: 0
2026-09-07 17:37:59.904: [INFO] BookmarksLoadDropped droppedNodes=0
2026-09-07 17:37:59.904: [INFO] BookmarksSnapshot Startup total=0 bar=0 other=0 mobile=0 showBar=0 showBarNTP=1
2026-09-07 17:38:13.294: [INFO] BookmarksSnapshot Shutdown total=0 bar=0 other=0 mobile=0 showBar=0 showBarNTP=1
2026-09-07 17:45:43.174: [INFO] CurrentProfilePath: C:\Users\Asus\eclipse-workspace\.metadata\.plugins\org.eclipse.swt\EBWebView\Default
2026-09-07 17:45:43.174: [INFO] Profiles total count: 1
2026-09-07 17:45:43.174: [INFO] Profile: name=Profile 1 path=C:\Users\Asus\eclipse-workspace\.metadata\.plugins\org.eclipse.swt\EBWebView\Default lastActive=2026-09-07T17:38:12.903Z
2026-09-07 17:45:43.174: [INFO] LastUsedProfileDir: C:\Users\Asus\eclipse-workspace\.metadata\.plugins\org.eclipse.swt\EBWebView\Default
2026-09-07 17:45:43.174: [INFO] MostRecentlyActiveProfile: name=Profile 1 path=C:\Users\Asus\eclipse-workspace\.metadata\.plugins\org.eclipse.swt\EBWebView\Default lastActive=2026-09-07T17:38:12.903Z
2026-09-07 17:45:43.174: [INFO] OnDoneLoading sync enabled: 0
2026-09-07 17:45:43.174: [INFO] BookmarkModelLoaded, ids_reassigned: 0
2026-09-07 17:45:43.174: [INFO] BookmarksLoadDropped droppedNodes=0
2026-09-07 17:45:43.174: [INFO] BookmarksSnapshot Startup total=0 bar=0 other=0 mobile=0 showBar=0 showBarNTP=1
2026-09-07 17:45:43.403: [INFO] BookmarksSnapshot Shutdown total=0 bar=0 other=0 mobile=0 showBar=0 showBarNTP=1
2026-09-07 17:49:17.832: [INFO] CurrentProfilePath: C:\Users\Asus\eclipse-workspace\.metadata\.plugins\org.eclipse.swt\EBWebView\Default
2026-09-07 17:49:17.832: [INFO] Profiles total count: 1
2026-09-07 17:49:17.832: [INFO] Profile: name=Profile 1 path=C:\Users\Asus\eclipse-workspace\.metadata\.plugins\org.eclipse.swt\EBWebView\Default lastActive=2026-09-07T17:38:12.903Z
2026-09-07 17:49:17.832: [INFO] LastUsedProfileDir: C:\Users\Asus\eclipse-workspace\.metadata\.plugins\org.eclipse.swt\EBWebView\Default
2026-09-07 17:49:17.832: [INFO] MostRecentlyActiveProfile: name=Profile 1 path=C:\Users\Asus\eclipse-workspace\.metadata\.plugins\org.eclipse.swt\EBWebView\Default lastActive=2026-09-07T17:38:12.903Z
2026-09-07 17:49:17.832: [INFO] OnDoneLoading sync enabled: 0
2026-09-07 17:49:17.832: [INFO] BookmarkModelLoaded, ids_reassigned: 0
2026-09-07 17:49:17.832: [INFO] BookmarksLoadDropped droppedNodes=0
2026-09-07 17:49:17.832: [INFO] BookmarksSnapshot Startup total=0 bar=0 other=0 mobile=0 showBar=0 showBarNTP=1
2026-09-07 18:20:52.993: [INFO] BookmarksSnapshot Shutdown total=0 bar=0 other=0 mobile=0 showBar=0 showBarNTP=1
2026-09-10 04:00:00.012: [INFO] CurrentProfilePath: C:\Users\Asus\eclipse-workspace\.metadata\.plugins\org.eclipse.swt\EBWebView\Default
2026-09-10 04:00:00.012: [INFO] Profiles total count: 1
2026-09-10 04:00:00.012: [INFO] Profile: name=Profile 1 path=C:\Users\Asus\eclipse-workspace\.metadata\.plugins\org.eclipse.swt\EBWebView\Default lastActive=2026-09-07T17:38:12.903Z
2026-09-10 04:00:00.012: [INFO] LastUsedProfileDir: C:\Users\Asus\eclipse-workspace\.metadata\.plugins\org.eclipse.swt\EBWebView\Default
2026-09-10 04:00:00.012: [INFO] MostRecentlyActiveProfile: name=Profile 1 path=C:\Users\Asus\eclipse-workspace\.metadata\.plugins\org.eclipse.swt\EBWebView\Default lastActive=2026-09-07T17:38:12.903Z
2026-09-10 04:00:00.012: [INFO] OnDoneLoading sync enabled: 0
2026-09-10 04:00:00.012: [INFO] BookmarkModelLoaded, ids_reassigned: 0
2026-09-10 04:00:00.012: [INFO] BookmarksLoadDropped droppedNodes=0
2026-09-10 04:00:00.012: [INFO] BookmarksSnapshot Startup total=0 bar=0 other=0 mobile=0 showBar=0 showBarNTP=1
2026-09-10 04:00:00.254: [INFO] BookmarksSnapshot Shutdown total=0 bar=0 other=0 mobile=0 showBar=0 showBarNTP=1
2026-09-15 17:06:35.755: [INFO] CurrentProfilePath: C:\Users\Asus\eclipse-workspace\.metadata\.plugins\org.eclipse.swt\EBWebView\Default
2026-09-15 17:06:35.755: [INFO] Profiles total count: 1
2026-09-15 17:06:35.755: [INFO] Profile: name=Profile 1 path=C:\Users\Asus\eclipse-workspace\.metadata\.plugins\org.eclipse.swt\EBWebView\Default lastActive=2026-09-07T17:38:12.903Z
2026-09-15 17:06:35.755: [INFO] LastUsedProfileDir: C:\Users\Asus\eclipse-workspace\.metadata\.plugins\org.eclipse.swt\EBWebView\Default
2026-09-15 17:06:35.755: [INFO] MostRecentlyActiveProfile: name=Profile 1 path=C:\Users\Asus\eclipse-workspace\.metadata\.plugins\org.eclipse.swt\EBWebView\Default lastActive=2026-09-07T17:38:12.903Z
2026-09-15 17:06:35.755: [INFO] OnDoneLoading sync enabled: 0
2026-09-15 17:06:35.755: [INFO] BookmarkModelLoaded, ids_reassigned: 0
2026-09-15 17:06:35.755: [INFO] BookmarksLoadDropped droppedNodes=0
2026-09-15 17:06:35.755: [INFO] BookmarksSnapshot Startup total=0 bar=0 other=0 mobile=0 showBar=0 showBarNTP=1
2026-09-15 17:06:36.143: [INFO] BookmarksSnapshot Shutdown total=0 bar=0 other=0 mobile=0 showBar=0 showBarNTP=1
2026-09-15 17:06:43.354: [INFO] CurrentProfilePath: C:\Users\Asus\eclipse-workspace\.metadata\.plugins\org.eclipse.swt\EBWebView\Default
2026-09-15 17:06:43.354: [INFO] Profiles total count: 1
2026-09-15 17:06:43.354: [INFO] Profile: name=Profile 1 path=C:\Users\Asus\eclipse-workspace\.metadata\.plugins\org.eclipse.swt\EBWebView\Default lastActive=2026-09-07T17:38:12.903Z
2026-09-15 17:06:43.354: [INFO] LastUsedProfileDir: C:\Users\Asus\eclipse-workspace\.metadata\.plugins\org.eclipse.swt\EBWebView\Default
2026-09-15 17:06:43.354: [INFO] MostRecentlyActiveProfile: name=Profile 1 path=C:\Users\Asus\eclipse-workspace\.metadata\.plugins\org.eclipse.swt\EBWebView\Default lastActive=2026-09-07T17:38:12.903Z
2026-09-15 17:06:43.354: [INFO] OnDoneLoading sync enabled: 0
2026-09-15 17:06:43.354: [INFO] BookmarkModelLoaded, ids_reassigned: 0
2026-09-15 17:06:43.354: [INFO] BookmarksLoadDropped droppedNodes=0
2026-09-15 17:06:43.354: [INFO] BookmarksSnapshot Startup total=0 bar=0 other=0 mobile=0 showBar=0 showBarNTP=1
2026-09-15 17:06:43.609: [INFO] BookmarksSnapshot Shutdown total=0 bar=0 other=0 mobile=0 showBar=0 showBarNTP=1
2026-09-15 17:21:57.034: [INFO] CurrentProfilePath: C:\Users\Asus\eclipse-workspace\.metadata\.plugins\org.eclipse.swt\EBWebView\Default
2026-09-15 17:21:57.034: [INFO] Profiles total count: 1
2026-09-15 17:21:57.034: [INFO] Profile: name=Profile 1 path=C:\Users\Asus\eclipse-workspace\.metadata\.plugins\org.eclipse.swt\EBWebView\Default lastActive=2026-09-07T17:38:12.903Z
2026-09-15 17:21:57.034: [INFO] LastUsedProfileDir: C:\Users\Asus\eclipse-workspace\.metadata\.plugins\org.eclipse.swt\EBWebView\Default
2026-09-15 17:21:57.034: [INFO] MostRecentlyActiveProfile: name=Profile 1 path=C:\Users\Asus\eclipse-workspace\.metadata\.plugins\org.eclipse.swt\EBWebView\Default lastActive=2026-09-07T17:38:12.903Z
2026-09-15 17:21:57.034: [INFO] OnDoneLoading sync enabled: 0
2026-09-15 17:21:57.034: [INFO] BookmarkModelLoaded, ids_reassigned: 0
2026-09-15 17:21:57.034: [INFO] BookmarksLoadDropped droppedNodes=0
2026-09-15 17:21:57.034: [INFO] BookmarksSnapshot Startup total=0 bar=0 other=0 mobile=0 showBar=0 showBarNTP=1
2026-09-15 17:22:52.025: [INFO] BookmarksSnapshot Shutdown total=0 bar=0 other=0 mobile=0 showBar=0 showBarNTP=1
2026-09-15 17:24:43.941: [INFO] CurrentProfilePath: C:\Users\Asus\eclipse-workspace\.metadata\.plugins\org.eclipse.swt\EBWebView\Default
2026-09-15 17:24:43.941: [INFO] Profiles total count: 1
2026-09-15 17:24:43.941: [INFO] Profile: name=Profile 1 path=C:\Users\Asus\eclipse-workspace\.metadata\.plugins\org.eclipse.swt\EBWebView\Default lastActive=2026-09-07T17:38:12.903Z
2026-09-15 17:24:43.941: [INFO] LastUsedProfileDir: C:\Users\Asus\eclipse-workspace\.metadata\.plugins\org.eclipse.swt\EBWebView\Default
2026-09-15 17:24:43.941: [INFO] MostRecentlyActiveProfile: name=Profile 1 path=C:\Users\Asus\eclipse-workspace\.metadata\.plugins\org.eclipse.swt\EBWebView\Default lastActive=2026-09-07T17:38:12.903Z
2026-09-15 17:24:43.941: [INFO] OnDoneLoading sync enabled: 0
2026-09-15 17:24:43.941: [INFO] BookmarkModelLoaded, ids_reassigned: 0
2026-09-15 17:24:43.941: [INFO] BookmarksLoadDropped droppedNodes=0
2026-09-15 17:24:43.941: [INFO] BookmarksSnapshot Startup total=0 bar=0 other=0 mobile=0 showBar=0 showBarNTP=1
2026-09-15 17:26:09.907: [INFO] BookmarksSnapshot Shutdown total=0 bar=0 other=0 mobile=0 showBar=0 showBarNTP=1
2026-09-15 17:26:25.621: [INFO] CurrentProfilePath: C:\Users\Asus\eclipse-workspace\.metadata\.plugins\org.eclipse.swt\EBWebView\Default
2026-09-15 17:26:25.621: [INFO] Profiles total count: 1
2026-09-15 17:26:25.621: [INFO] Profile: name=Profile 1 path=C:\Users\Asus\eclipse-workspace\.metadata\.plugins\org.eclipse.swt\EBWebView\Default lastActive=2026-09-07T17:38:12.903Z
2026-09-15 17:26:25.621: [INFO] LastUsedProfileDir: C:\Users\Asus\eclipse-workspace\.metadata\.plugins\org.eclipse.swt\EBWebView\Default
2026-09-15 17:26:25.621: [INFO] MostRecentlyActiveProfile: name=Profile 1 path=C:\Users\Asus\eclipse-workspace\.metadata\.plugins\org.eclipse.swt\EBWebView\Default lastActive=2026-09-07T17:38:12.903Z
2026-09-15 17:26:25.621: [INFO] OnDoneLoading sync enabled: 0
2026-09-15 17:26:25.621: [INFO] BookmarkModelLoaded, ids_reassigned: 0
2026-09-15 17:26:25.621: [INFO] BookmarksLoadDropped droppedNodes=0
2026-09-15 17:26:25.621: [INFO] BookmarksSnapshot Startup total=0 bar=0 other=0 mobile=0 showBar=0 showBarNTP=1
2026-09-15 17:29:28.699: [INFO] BookmarksSnapshot Shutdown total=0 bar=0 other=0 mobile=0 showBar=0 showBarNTP=1
2026-09-15 17:33:23.659: [INFO] CurrentProfilePath: C:\Users\Asus\eclipse-workspace\.metadata\.plugins\org.eclipse.swt\EBWebView\Default
2026-09-15 17:33:23.659: [INFO] Profiles total count: 1
2026-09-15 17:33:23.659: [INFO] Profile: name=Profile 1 path=C:\Users\Asus\eclipse-workspace\.metadata\.plugins\org.eclipse.swt\EBWebView\Default lastActive=2026-09-07T17:38:12.903Z
2026-09-15 17:33:23.659: [INFO] LastUsedProfileDir: C:\Users\Asus\eclipse-workspace\.metadata\.plugins\org.eclipse.swt\EBWebView\Default
2026-09-15 17:33:23.659: [INFO] MostRecentlyActiveProfile: name=Profile 1 path=C:\Users\Asus\eclipse-workspace\.metadata\.plugins\org.eclipse.swt\EBWebView\Default lastActive=2026-09-07T17:38:12.903Z
2026-09-15 17:33:23.659: [INFO] OnDoneLoading sync enabled: 0
2026-09-15 17:33:23.659: [INFO] BookmarkModelLoaded, ids_reassigned: 0
2026-09-15 17:33:23.659: [INFO] BookmarksLoadDropped droppedNodes=0
2026-09-15 17:33:23.659: [INFO] BookmarksSnapshot Startup total=0 bar=0 other=0 mobile=0 showBar=0 showBarNTP=1
2026-09-15 19:06:28.903: [INFO] BookmarksSnapshot Shutdown total=0 bar=0 other=0 mobile=0 showBar=0 showBarNTP=1
2026-09-17 07:11:20.848: [INFO] CurrentProfilePath: C:\Users\Asus\eclipse-workspace\.metadata\.plugins\org.eclipse.swt\EBWebView\Default
2026-09-17 07:11:20.848: [INFO] Profiles total count: 1
2026-09-17 07:11:20.848: [INFO] Profile: name=Profile 1 path=C:\Users\Asus\eclipse-workspace\.metadata\.plugins\org.eclipse.swt\EBWebView\Default lastActive=2026-09-07T17:38:12.903Z
2026-09-17 07:11:20.848: [INFO] LastUsedProfileDir: C:\Users\Asus\eclipse-workspace\.metadata\.plugins\org.eclipse.swt\EBWebView\Default
2026-09-17 07:11:20.849: [INFO] MostRecentlyActiveProfile: name=Profile 1 path=C:\Users\Asus\eclipse-workspace\.metadata\.plugins\org.eclipse.swt\EBWebView\Default lastActive=2026-09-07T17:38:12.903Z
2026-09-17 07:11:20.849: [INFO] OnDoneLoading sync enabled: 0
2026-09-17 07:11:20.849: [INFO] BookmarkModelLoaded, ids_reassigned: 0
2026-09-17 07:11:20.849: [INFO] BookmarksLoadDropped droppedNodes=0
2026-09-17 07:11:20.849: [INFO] BookmarksSnapshot Startup total=0 bar=0 other=0 mobile=0 showBar=0 showBarNTP=1
2026-09-17 07:11:21.184: [INFO] BookmarksSnapshot Shutdown total=0 bar=0 other=0 mobile=0 showBar=0 showBarNTP=1
2026-09-17 07:12:02.081: [INFO] CurrentProfilePath: C:\Users\Asus\eclipse-workspace\.metadata\.plugins\org.eclipse.swt\EBWebView\Default
2026-09-17 07:12:02.081: [INFO] Profiles total count: 1
2026-09-17 07:12:02.081: [INFO] Profile: name=Profile 1 path=C:\Users\Asus\eclipse-workspace\.metadata\.plugins\org.eclipse.swt\EBWebView\Default lastActive=2026-09-07T17:38:12.903Z
2026-09-17 07:12:02.081: [INFO] LastUsedProfileDir: C:\Users\Asus\eclipse-workspace\.metadata\.plugins\org.eclipse.swt\EBWebView\Default
2026-09-17 07:12:02.081: [INFO] MostRecentlyActiveProfile: name=Profile 1 path=C:\Users\Asus\eclipse-workspace\.metadata\.plugins\org.eclipse.swt\EBWebView\Default lastActive=2026-09-07T17:38:12.903Z
2026-09-17 07:12:02.081: [INFO] OnDoneLoading sync enabled: 0
2026-09-17 07:12:02.081: [INFO] BookmarkModelLoaded, ids_reassigned: 0
2026-09-17 07:12:02.081: [INFO] BookmarksLoadDropped droppedNodes=0
2026-09-17 07:12:02.081: [INFO] BookmarksSnapshot Startup total=0 bar=0 other=0 mobile=0 showBar=0 showBarNTP=1
2026-09-17 07:16:39.710: [INFO] BookmarksSnapshot Shutdown total=0 bar=0 other=0 mobile=0 showBar=0 showBarNTP=1
2026-09-17 07:17:04.399: [INFO] CurrentProfilePath: C:\Users\Asus\eclipse-workspace\.metadata\.plugins\org.eclipse.swt\EBWebView\Default
2026-09-17 07:17:04.399: [INFO] Profiles total count: 1
2026-09-17 07:17:04.400: [INFO] Profile: name=Profile 1 path=C:\Users\Asus\eclipse-workspace\.metadata\.plugins\org.eclipse.swt\EBWebView\Default lastActive=2026-09-07T17:38:12.903Z
2026-09-17 07:17:04.400: [INFO] LastUsedProfileDir: C:\Users\Asus\eclipse-workspace\.metadata\.plugins\org.eclipse.swt\EBWebView\Default
2026-09-17 07:17:04.400: [INFO] MostRecentlyActiveProfile: name=Profile 1 path=C:\Users\Asus\eclipse-workspace\.metadata\.plugins\org.eclipse.swt\EBWebView\Default lastActive=2026-09-07T17:38:12.903Z
2026-09-17 07:17:04.400: [INFO] OnDoneLoading sync enabled: 0
2026-09-17 07:17:04.400: [INFO] BookmarkModelLoaded, ids_reassigned: 0
2026-09-17 07:17:04.400: [INFO] BookmarksLoadDropped droppedNodes=0
2026-09-17 07:17:04.400: [INFO] BookmarksSnapshot Startup total=0 bar=0 other=0 mobile=0 showBar=0 showBarNTP=1
2026-09-17 07:17:19.251: [INFO] BookmarksSnapshot Shutdown total=0 bar=0 other=0 mobile=0 showBar=0 showBarNTP=1
2026-09-17 16:59:06.023: [INFO] CurrentProfilePath: C:\Users\Asus\eclipse-workspace\.metadata\.plugins\org.eclipse.swt\EBWebView\Default
2026-09-17 16:59:06.023: [INFO] Profiles total count: 1
2026-09-17 16:59:06.024: [INFO] Profile: name=Profile 1 path=C:\Users\Asus\eclipse-workspace\.metadata\.plugins\org.eclipse.swt\EBWebView\Default lastActive=2026-09-07T17:38:12.903Z
2026-09-17 16:59:06.024: [INFO] LastUsedProfileDir: C:\Users\Asus\eclipse-workspace\.metadata\.plugins\org.eclipse.swt\EBWebView\Default
2026-09-17 16:59:06.024: [INFO] MostRecentlyActiveProfile: name=Profile 1 path=C:\Users\Asus\eclipse-workspace\.metadata\.plugins\org.eclipse.swt\EBWebView\Default lastActive=2026-09-07T17:38:12.903Z
2026-09-17 16:59:06.024: [INFO] OnDoneLoading sync enabled: 0
2026-09-17 16:59:06.024: [INFO] BookmarkModelLoaded, ids_reassigned: 0
2026-09-17 16:59:06.024: [INFO] BookmarksLoadDropped droppedNodes=0
2026-09-17 16:59:06.024: [INFO] BookmarksSnapshot Startup total=0 bar=0 other=0 mobile=0 showBar=0 showBarNTP=1
2026-09-17 16:59:50.055: [INFO] BookmarksSnapshot Shutdown total=0 bar=0 other=0 mobile=0 showBar=0 showBarNTP=1
2026-09-17 17:02:47.838: [INFO] CurrentProfilePath: C:\Users\Asus\eclipse-workspace\.metadata\.plugins\org.eclipse.swt\EBWebView\Default
2026-09-17 17:02:47.838: [INFO] Profiles total count: 1
2026-09-17 17:02:47.838: [INFO] Profile: name=Profile 1 path=C:\Users\Asus\eclipse-workspace\.metadata\.plugins\org.eclipse.swt\EBWebView\Default lastActive=2026-09-07T17:38:12.903Z
2026-09-17 17:02:47.838: [INFO] LastUsedProfileDir: C:\Users\Asus\eclipse-workspace\.metadata\.plugins\org.eclipse.swt\EBWebView\Default
2026-09-17 17:02:47.838: [INFO] MostRecentlyActiveProfile: name=Profile 1 path=C:\Users\Asus\eclipse-workspace\.metadata\.plugins\org.eclipse.swt\EBWebView\Default lastActive=2026-09-07T17:38:12.903Z
2026-09-17 17:02:47.838: [INFO] OnDoneLoading sync enabled: 0
2026-09-17 17:02:47.838: [INFO] BookmarkModelLoaded, ids_reassigned: 0
2026-09-17 17:02:47.838: [INFO] BookmarksLoadDropped droppedNodes=0
2026-09-17 17:02:47.838: [INFO] BookmarksSnapshot Startup total=0 bar=0 other=0 mobile=0 showBar=0 showBarNTP=1
2026-09-18 18:48:13.180: [INFO] CurrentProfilePath: C:\Users\Asus\eclipse-workspace\.metadata\.plugins\org.eclipse.swt\EBWebView\Default
2026-09-18 18:48:13.180: [INFO] Profiles total count: 1
2026-09-18 18:48:13.180: [INFO] Profile: name=Profile 1 path=C:\Users\Asus\eclipse-workspace\.metadata\.plugins\org.eclipse.swt\EBWebView\Default lastActive=2026-09-07T17:38:12.903Z
2026-09-18 18:48:13.180: [INFO] LastUsedProfileDir: C:\Users\Asus\eclipse-workspace\.metadata\.plugins\org.eclipse.swt\EBWebView\Default
2026-09-18 18:48:13.180: [INFO] MostRecentlyActiveProfile: name=Profile 1 path=C:\Users\Asus\eclipse-workspace\.metadata\.plugins\org.eclipse.swt\EBWebView\Default lastActive=2026-09-07T17:38:12.903Z
2026-09-18 18:48:13.180: [INFO] OnDoneLoading sync enabled: 0
2026-09-18 18:48:13.180: [INFO] BookmarkModelLoaded, ids_reassigned: 0
2026-09-18 18:48:13.180: [INFO] BookmarksLoadDropped droppedNodes=0
2026-09-18 18:48:13.180: [INFO] BookmarksSnapshot Startup total=0 bar=0 other=0 mobile=0 showBar=0 showBarNTP=1
